[2026-08-01 15:34:56Z INFO HostContext] No proxy settings were found based on environmental variables (http_proxy/https_proxy/HTTP_PROXY/HTTPS_PROXY)
[2026-08-01 15:34:56Z INFO HostContext] Well known directory 'Bin': 'E:\Interview\observability-platform\actions-runner\bin'
[2026-08-01 15:34:56Z INFO HostContext] Well known directory 'Root': 'E:\Interview\observability-platform\actions-runner'
[2026-08-01 15:34:56Z INFO HostContext] Well known config file 'Credentials': 'E:\Interview\observability-platform\actions-runner\.credentials'
[2026-08-01 15:34:56Z INFO HostContext] Well known directory 'Bin': 'E:\Interview\observability-platform\actions-runner\bin'
[2026-08-01 15:34:56Z INFO HostContext] Well known directory 'Root': 'E:\Interview\observability-platform\actions-runner'
[2026-08-01 15:34:56Z INFO HostContext] Well known config file 'Runner': 'E:\Interview\observability-platform\actions-runner\.runner'
[2026-08-01 15:34:56Z INFO Listener] Runner is built for Windows (X64) - win-x64.
[2026-08-01 15:34:56Z INFO Listener] RuntimeInformation: Microsoft Windows 10.0.19045.
[2026-08-01 15:34:56Z INFO Listener] Version: 2.336.0
[2026-08-01 15:34:56Z INFO Listener] Commit: 98aabcd429c4e8402406c56ce2d26387fed3b9ce
[2026-08-01 15:34:56Z INFO Listener] Culture: en-IN
[2026-08-01 15:34:56Z INFO Listener] UI Culture: en-US
[2026-08-01 15:34:56Z INFO HostContext] Well known directory 'Bin': 'E:\Interview\observability-platform\actions-runner\bin'
[2026-08-01 15:34:56Z INFO HostContext] Well known directory 'Root': 'E:\Interview\observability-platform\actions-runner'
[2026-08-01 15:34:56Z INFO Listener] Validating directory permissions for: 'E:\Interview\observability-platform\actions-runner'
[2026-08-01 15:34:56Z INFO CommandLineParser] Parse
[2026-08-01 15:34:56Z INFO CommandLineParser] Parsing 5 args
[2026-08-01 15:34:56Z INFO CommandLineParser] parsing argument
[2026-08-01 15:34:56Z INFO CommandLineParser] HasArgs: False
[2026-08-01 15:34:56Z INFO CommandLineParser] Adding Command: configure
[2026-08-01 15:34:56Z INFO CommandLineParser] parsing argument
[2026-08-01 15:34:56Z INFO CommandLineParser] HasArgs: True
[2026-08-01 15:34:56Z INFO CommandLineParser] arg: url
[2026-08-01 15:34:56Z INFO CommandLineParser] parsing argument
[2026-08-01 15:34:56Z INFO CommandLineParser] HasArgs: True
[2026-08-01 15:34:56Z INFO CommandLineParser] Adding option 'url': 'https://github.com/manjuaws1204/observability-platform'
[2026-08-01 15:34:56Z INFO CommandLineParser] parsing argument
[2026-08-01 15:34:56Z INFO CommandLineParser] HasArgs: True
[2026-08-01 15:34:56Z INFO CommandLineParser] arg: token
[2026-08-01 15:34:56Z INFO CommandLineParser] parsing argument
[2026-08-01 15:34:56Z INFO CommandLineParser] HasArgs: True
[2026-08-01 15:34:56Z INFO CommandLineParser] Adding option 'token': '***'
[2026-08-01 15:34:56Z INFO Listener] Arguments parsed
[2026-08-01 15:34:56Z INFO Runner] ExecuteCommand
[2026-08-01 15:34:56Z INFO ConfigurationStore] currentAssemblyLocation: E:\Interview\observability-platform\actions-runner\bin\Runner.Listener.dll
[2026-08-01 15:34:56Z INFO HostContext] Well known directory 'Bin': 'E:\Interview\observability-platform\actions-runner\bin'
[2026-08-01 15:34:56Z INFO ConfigurationStore] binPath: E:\Interview\observability-platform\actions-runner\bin
[2026-08-01 15:34:56Z INFO HostContext] Well known directory 'Bin': 'E:\Interview\observability-platform\actions-runner\bin'
[2026-08-01 15:34:56Z INFO HostContext] Well known directory 'Root': 'E:\Interview\observability-platform\actions-runner'
[2026-08-01 15:34:56Z INFO ConfigurationStore] RootFolder: E:\Interview\observability-platform\actions-runner
[2026-08-01 15:34:56Z INFO HostContext] Well known directory 'Bin': 'E:\Interview\observability-platform\actions-runner\bin'
[2026-08-01 15:34:56Z INFO HostContext] Well known directory 'Root': 'E:\Interview\observability-platform\actions-runner'
[2026-08-01 15:34:56Z INFO HostContext] Well known config file 'Runner': 'E:\Interview\observability-platform\actions-runner\.runner'
[2026-08-01 15:34:56Z INFO ConfigurationStore] ConfigFilePath: E:\Interview\observability-platform\actions-runner\.runner
[2026-08-01 15:34:56Z INFO HostContext] Well known directory 'Bin': 'E:\Interview\observability-platform\actions-runner\bin'
[2026-08-01 15:34:56Z INFO HostContext] Well known directory 'Root': 'E:\Interview\observability-platform\actions-runner'
[2026-08-01 15:34:56Z INFO HostContext] Well known config file 'MigratedRunner': 'E:\Interview\observability-platform\actions-runner\.runner_migrated'
[2026-08-01 15:34:56Z INFO ConfigurationStore] MigratedConfigFilePath: E:\Interview\observability-platform\actions-runner\.runner_migrated
[2026-08-01 15:34:56Z INFO HostContext] Well known directory 'Bin': 'E:\Interview\observability-platform\actions-runner\bin'
[2026-08-01 15:34:56Z INFO HostContext] Well known directory 'Root': 'E:\Interview\observability-platform\actions-runner'
[2026-08-01 15:34:56Z INFO HostContext] Well known config file 'Credentials': 'E:\Interview\observability-platform\actions-runner\.credentials'
[2026-08-01 15:34:56Z INFO ConfigurationStore] CredFilePath: E:\Interview\observability-platform\actions-runner\.credentials
[2026-08-01 15:34:56Z INFO HostContext] Well known directory 'Bin': 'E:\Interview\observability-platform\actions-runner\bin'
[2026-08-01 15:34:56Z INFO HostContext] Well known directory 'Root': 'E:\Interview\observability-platform\actions-runner'
[2026-08-01 15:34:56Z INFO HostContext] Well known config file 'MigratedCredentials': 'E:\Interview\observability-platform\actions-runner\.credentials_migrated'
[2026-08-01 15:34:56Z INFO ConfigurationStore] MigratedCredFilePath: E:\Interview\observability-platform\actions-runner\.credentials_migrated
[2026-08-01 15:34:56Z INFO HostContext] Well known directory 'Bin': 'E:\Interview\observability-platform\actions-runner\bin'
[2026-08-01 15:34:56Z INFO HostContext] Well known directory 'Root': 'E:\Interview\observability-platform\actions-runner'
[2026-08-01 15:34:56Z INFO HostContext] Well known config file 'Service': 'E:\Interview\observability-platform\actions-runner\.service'
[2026-08-01 15:34:56Z INFO ConfigurationStore] ServiceConfigFilePath: E:\Interview\observability-platform\actions-runner\.service
[2026-08-01 15:34:56Z INFO CommandSettings] Flag 'help': 'False'
[2026-08-01 15:34:56Z INFO CommandSettings] Flag 'version': 'False'
[2026-08-01 15:34:56Z INFO CommandSettings] Flag 'commit': 'False'
[2026-08-01 15:34:56Z INFO CommandSettings] Flag 'check': 'False'
[2026-08-01 15:34:56Z INFO CommandSettings] Command 'configure': 'True'
[2026-08-01 15:34:56Z INFO Terminal] WRITE LINE: 
[2026-08-01 15:34:56Z INFO Terminal] WRITE LINE: --------------------------------------------------------------------------------
[2026-08-01 15:34:56Z INFO Terminal] WRITE LINE: |        ____ _ _   _   _       _          _        _   _                      |
[2026-08-01 15:34:56Z INFO Terminal] WRITE LINE: |       / ___(_) |_| | | |_   _| |__      / \   ___| |_(_) ___  _ __  ___      |
[2026-08-01 15:34:56Z INFO Terminal] WRITE LINE: |      | |  _| | __| |_| | | | | '_ \    / _ \ / __| __| |/ _ \| '_ \/ __|     |
[2026-08-01 15:34:56Z INFO Terminal] WRITE LINE: |      | |_| | | |_|  _  | |_| | |_) |  / ___ \ (__| |_| | (_) | | | \__ \     |
[2026-08-01 15:34:56Z INFO Terminal] WRITE LINE: |       \____|_|\__|_| |_|\__,_|_.__/  /_/   \_\___|\__|_|\___/|_| |_|___/     |
[2026-08-01 15:34:56Z INFO Terminal] WRITE LINE: |                                                                              |
[2026-08-01 15:34:56Z INFO Terminal] WRITE: |                       
[2026-08-01 15:34:56Z INFO Terminal] WRITE: Self-hosted runner registration
[2026-08-01 15:34:56Z INFO Terminal] WRITE LINE:                         |
[2026-08-01 15:34:56Z INFO Terminal] WRITE LINE: |                                                                              |
[2026-08-01 15:34:56Z INFO Terminal] WRITE LINE: --------------------------------------------------------------------------------
[2026-08-01 15:34:56Z INFO ConfigurationManager] ConfigureAsync
[2026-08-01 15:34:56Z INFO CommandSettings] Flag 'generateServiceConfig': 'False'
[2026-08-01 15:34:56Z INFO ConfigurationStore] IsConfigured()
[2026-08-01 15:34:56Z INFO ConfigurationStore] IsConfigured: False
[2026-08-01 15:34:56Z INFO ConfigurationManager] Is configured: False
[2026-08-01 15:34:56Z INFO CommandSettings] Arg 'url': 'https://github.com/manjuaws1204/observability-platform'
[2026-08-01 15:34:56Z INFO CommandSettings] Remove url from Arg dictionary.
[2026-08-01 15:34:56Z INFO CommandSettings] Arg 'token': '***'
[2026-08-01 15:34:56Z INFO CommandSettings] Remove token from Arg dictionary.
[2026-08-01 15:34:57Z INFO ConfigurationManager] Http response code: OK from 'POST https://api.github.com/actions/runner-registration' (C559:2373D0:F9292B:1189887:6A6E1220)
[2026-08-01 15:34:57Z INFO ConfigurationManager] Using runner-admin flow: False
[2026-08-01 15:34:57Z INFO ConfigurationManager] cred retrieved via GitHub auth
[2026-08-01 15:34:57Z INFO RunnerServer] EstablishVssConnection
[2026-08-01 15:34:57Z INFO RunnerServer] Establish connection with 100 seconds timeout.
[2026-08-01 15:34:57Z INFO GitHubActionsService] Starting operation Location.GetConnectionData
[2026-08-01 15:34:57Z INFO RunnerServer] EstablishVssConnection
[2026-08-01 15:34:57Z INFO RunnerServer] Establish connection with 60 seconds timeout.
[2026-08-01 15:34:57Z INFO GitHubActionsService] Starting operation Location.GetConnectionData
[2026-08-01 15:34:57Z INFO RunnerServer] EstablishVssConnection
[2026-08-01 15:34:57Z INFO RunnerServer] Establish connection with 60 seconds timeout.
[2026-08-01 15:34:57Z INFO GitHubActionsService] Starting operation Location.GetConnectionData
[2026-08-01 15:34:58Z INFO GitHubActionsService] Finished operation Location.GetConnectionData
[2026-08-01 15:34:58Z INFO GitHubActionsService] Finished operation Location.GetConnectionData
[2026-08-01 15:34:58Z INFO GitHubActionsService] Finished operation Location.GetConnectionData
[2026-08-01 15:34:58Z INFO Terminal] WRITE LINE: 
[2026-08-01 15:34:58Z INFO ConfigurationManager] Test Connection complete.
[2026-08-01 15:34:58Z INFO HostContext] Well known directory 'Bin': 'E:\Interview\observability-platform\actions-runner\bin'
[2026-08-01 15:34:58Z INFO HostContext] Well known directory 'Root': 'E:\Interview\observability-platform\actions-runner'
[2026-08-01 15:34:58Z INFO HostContext] Well known config file 'RSACredentials': 'E:\Interview\observability-platform\actions-runner\.credentials_rsaparams'
[2026-08-01 15:34:58Z INFO RSAEncryptedFileKeyManager] Found existing RSA key parameters file E:\Interview\observability-platform\actions-runner\.credentials_rsaparams
[2026-08-01 15:34:58Z INFO CommandSettings] Arg 'runnergroup': ''
[2026-08-01 15:34:58Z INFO CommandSettings] Flag 'unattended': 'False'
[2026-08-01 15:34:58Z INFO PromptManager] ReadValue
[2026-08-01 15:34:58Z INFO Terminal] WRITE: Enter the name of the runner group to add this runner to: 
[2026-08-01 15:34:58Z INFO Terminal] WRITE: [press Enter for Default] 
[2026-08-01 15:34:58Z INFO Terminal] READ LINE
[2026-08-01 15:35:01Z INFO Terminal] Read value: ''
[2026-08-01 15:35:01Z INFO PromptManager] Falling back to the default: 'Default'
[2026-08-01 15:35:01Z INFO Terminal] WRITE LINE: 
[2026-08-01 15:35:01Z INFO ConfigurationManager] Found a self-hosted runner group with id 1 and name Default
[2026-08-01 15:35:01Z INFO CommandSettings] Flag 'disableupdate': 'False'
[2026-08-01 15:35:01Z INFO CommandSettings] Flag 'ephemeral': 'False'
[2026-08-01 15:35:01Z INFO CommandSettings] Arg 'name': ''
[2026-08-01 15:35:01Z INFO CommandSettings] Flag 'unattended': 'False'
[2026-08-01 15:35:01Z INFO PromptManager] ReadValue
[2026-08-01 15:35:01Z INFO Terminal] WRITE: Enter the name of runner: 
[2026-08-01 15:35:01Z INFO Terminal] WRITE: [press Enter for MANJU] 
[2026-08-01 15:35:01Z INFO Terminal] READ LINE
[2026-08-01 15:35:03Z INFO Terminal] Read value: ''
[2026-08-01 15:35:03Z INFO PromptManager] Falling back to the default: 'MANJU'
[2026-08-01 15:35:03Z INFO Terminal] WRITE LINE: 
[2026-08-01 15:35:03Z INFO CommandSettings] Arg 'labels': ''
[2026-08-01 15:35:03Z INFO CommandSettings] Flag 'unattended': 'False'
[2026-08-01 15:35:03Z INFO PromptManager] ReadValue
[2026-08-01 15:35:03Z INFO Terminal] WRITE: This runner will have the following labels: 'self-hosted', 'Windows', 'X64' 
Enter any additional labels (ex. label-1,label-2): 
[2026-08-01 15:35:03Z INFO Terminal] WRITE: [press Enter to skip] 
[2026-08-01 15:35:03Z INFO Terminal] READ LINE
[2026-08-01 15:35:13Z INFO Terminal] Read value: ''
[2026-08-01 15:35:13Z INFO Terminal] WRITE LINE: 
[2026-08-01 15:35:14Z INFO CommandSettings] Flag 'disableupdate': 'False'
[2026-08-01 15:35:14Z INFO CommandSettings] Flag 'no-default-labels': 'False'
[2026-08-01 15:35:14Z INFO CommandSettings] Flag 'disableupdate': 'False'
[2026-08-01 15:35:14Z INFO CommandSettings] Flag 'ephemeral': 'False'
[2026-08-01 15:35:14Z INFO ConfigurationStore] Saving OAuth credential @ E:\Interview\observability-platform\actions-runner\.credentials
[2026-08-01 15:35:14Z INFO ConfigurationStore] Credentials Saved.
[2026-08-01 15:35:14Z INFO ConfigurationManager] Service enforced serverUrlV2: https://broker.actions.githubusercontent.com/
[2026-08-01 15:35:14Z INFO ConfigurationManager] Service enforced useV2Flow: True
[2026-08-01 15:35:14Z INFO CommandSettings] Arg 'work': ''
[2026-08-01 15:35:14Z INFO CommandSettings] Flag 'unattended': 'False'
[2026-08-01 15:35:14Z INFO PromptManager] ReadValue
[2026-08-01 15:35:14Z INFO Terminal] WRITE: Enter name of work folder: 
[2026-08-01 15:35:14Z INFO Terminal] WRITE: [press Enter for _work] 
[2026-08-01 15:35:14Z INFO Terminal] READ LINE
[2026-08-01 15:35:21Z INFO Terminal] Read value: ''
[2026-08-01 15:35:21Z INFO PromptManager] Falling back to the default: '_work'
[2026-08-01 15:35:21Z INFO ConfigurationStore] Saving runner settings.
[2026-08-01 15:35:21Z INFO ConfigurationStore] Settings Saved.
[2026-08-01 15:35:21Z INFO Terminal] WRITE LINE: 
[2026-08-01 15:35:21Z INFO Terminal] WRITE LINE: 
[2026-08-01 15:35:21Z INFO CommandSettings] Flag 'runasservice': 'False'
[2026-08-01 15:35:21Z INFO CommandSettings] Flag 'unattended': 'False'
[2026-08-01 15:35:21Z INFO PromptManager] ReadValue
[2026-08-01 15:35:21Z INFO Terminal] WRITE: Would you like to run the runner as service? (Y/N) 
[2026-08-01 15:35:21Z INFO Terminal] WRITE: [press Enter for N] 
[2026-08-01 15:35:21Z INFO Terminal] READ LINE
[2026-08-01 15:35:30Z INFO Terminal] Read value: 'Y'
[2026-08-01 15:35:30Z INFO ConfigurationManager] Configuring to run the agent as service
[2026-08-01 15:35:30Z INFO CommandSettings] Arg 'windowslogonaccount': ''
[2026-08-01 15:35:30Z INFO CommandSettings] Flag 'unattended': 'False'
[2026-08-01 15:35:30Z INFO PromptManager] ReadValue
[2026-08-01 15:35:30Z INFO Terminal] WRITE: User account to use for the service 
[2026-08-01 15:35:30Z INFO Terminal] WRITE: [press Enter for NT AUTHORITY\NETWORK SERVICE] 
[2026-08-01 15:35:30Z INFO Terminal] READ LINE
[2026-08-01 15:35:33Z INFO Terminal] Read value: ''
[2026-08-01 15:35:33Z INFO PromptManager] Falling back to the default: 'NT AUTHORITY\NETWORK SERVICE'
[2026-08-01 15:35:33Z INFO WindowsServiceControlManager] LogonAccount after transforming: NT AUTHORITY\NETWORK SERVICE, user: NETWORK SERVICE, domain: NT AUTHORITY
[2026-08-01 15:35:33Z INFO WindowsServiceControlManager] Service name 'actions.runner.manjuaws1204-observability-platform.MANJU' display name 'GitHub Actions Runner (manjuaws1204-observability-platform.MANJU)' will be used for service configuration.
[2026-08-01 15:35:33Z INFO WindowsServiceControlManager] Verifying if the account has LogonAsService permission
[2026-08-01 15:35:33Z INFO WindowsServiceControlManager] Account: NT AUTHORITY\NETWORK SERVICE already has Logon As Service Privilege.
[2026-08-01 15:35:33Z INFO WindowsServiceControlManager] Create local group and grant folder permission to service logon account.
[2026-08-01 15:35:33Z INFO HostContext] Well known directory 'Bin': 'E:\Interview\observability-platform\actions-runner\bin'
[2026-08-01 15:35:33Z INFO HostContext] Well known directory 'Root': 'E:\Interview\observability-platform\actions-runner'
[2026-08-01 15:35:33Z INFO ConfigurationStore] Read setting file: 403 chars
[2026-08-01 15:35:33Z INFO HostContext] Well known directory 'Bin': 'E:\Interview\observability-platform\actions-runner\bin'
[2026-08-01 15:35:33Z INFO HostContext] Well known directory 'Root': 'E:\Interview\observability-platform\actions-runner'
[2026-08-01 15:35:33Z INFO HostContext] Well known directory 'Work': 'E:\Interview\observability-platform\actions-runner\_work'
[2026-08-01 15:35:33Z INFO HostContext] Well known directory 'Bin': 'E:\Interview\observability-platform\actions-runner\bin'
[2026-08-01 15:35:33Z INFO NativeWindowsServiceHelper] Calculated unique group name GITHUB_ActionsRunner_Gf980d
[2026-08-01 15:35:33Z INFO NativeWindowsServiceHelper] Trying to create group GITHUB_ActionsRunner_Gf980d
[2026-08-01 15:35:33Z INFO NativeWindowsServiceHelper] Local Group 'GITHUB_ActionsRunner_Gf980d' created
[2026-08-01 15:35:33Z INFO NativeWindowsServiceHelper] Trying to add userName NT AUTHORITY\NETWORK SERVICE to the group GITHUB_ActionsRunner_Gf980d
[2026-08-01 15:35:33Z INFO NativeWindowsServiceHelper] Account 'NT AUTHORITY\NETWORK SERVICE' is added to local group 'GITHUB_ActionsRunner_Gf980d'.
[2026-08-01 15:35:33Z INFO NativeWindowsServiceHelper] Set full access control to group for the folder E:\Interview\observability-platform\actions-runner
[2026-08-01 15:35:33Z INFO NativeWindowsServiceHelper] Set full access control to group for the folder E:\Interview\observability-platform\actions-runner\_work
[2026-08-01 15:35:33Z INFO NativeWindowsServiceHelper] Local group 'GITHUB_ActionsRunner_Gf980d' already has full control to path 'E:\Interview\observability-platform\actions-runner\_work'.
[2026-08-01 15:35:33Z INFO Terminal] WRITE LINE: Granting file permissions to 'NT AUTHORITY\NETWORK SERVICE'.
[2026-08-01 15:35:33Z INFO HostContext] Well known directory 'Bin': 'E:\Interview\observability-platform\actions-runner\bin'
[2026-08-01 15:35:33Z INFO ProcessInvokerWrapper] Starting process:
[2026-08-01 15:35:33Z INFO ProcessInvokerWrapper]   File name: '"E:\Interview\observability-platform\actions-runner\bin\RunnerService.exe"'
[2026-08-01 15:35:33Z INFO ProcessInvokerWrapper]   Arguments: 'init'
[2026-08-01 15:35:33Z INFO ProcessInvokerWrapper]   Working directory: ''
[2026-08-01 15:35:33Z INFO ProcessInvokerWrapper]   Require exit code zero: 'True'
[2026-08-01 15:35:33Z INFO ProcessInvokerWrapper]   Encoding web name:  ; code page: ''
[2026-08-01 15:35:33Z INFO ProcessInvokerWrapper]   Force kill process on cancellation: 'False'
[2026-08-01 15:35:33Z INFO ProcessInvokerWrapper]   Redirected STDIN: 'False'
[2026-08-01 15:35:33Z INFO ProcessInvokerWrapper]   Persist current code page: 'False'
[2026-08-01 15:35:33Z INFO ProcessInvokerWrapper]   Keep redirected STDIN open: 'False'
[2026-08-01 15:35:33Z INFO ProcessInvokerWrapper]   High priority process: 'False'
[2026-08-01 15:35:34Z INFO ProcessInvokerWrapper] Process started with process id 3940, waiting for process exit.
[2026-08-01 15:35:34Z INFO ProcessInvokerWrapper] STDOUT/STDERR stream read finished.
[2026-08-01 15:35:34Z INFO ProcessInvokerWrapper] STDOUT/STDERR stream read finished.
[2026-08-01 15:35:34Z INFO ProcessInvokerWrapper] Finished process 3940 with exit code 0, and elapsed time 00:00:00.4307623.
[2026-08-01 15:35:34Z INFO Terminal] WRITE LINE: Service actions.runner.manjuaws1204-observability-platform.MANJU successfully installed
[2026-08-01 15:35:34Z INFO Terminal] WRITE LINE: Service actions.runner.manjuaws1204-observability-platform.MANJU successfully set recovery option
[2026-08-01 15:35:34Z INFO Terminal] WRITE LINE: Service actions.runner.manjuaws1204-observability-platform.MANJU successfully set to delayed auto start
[2026-08-01 15:35:34Z INFO Terminal] WRITE LINE: Service actions.runner.manjuaws1204-observability-platform.MANJU successfully configured
[2026-08-01 15:35:34Z INFO HostContext] Well known directory 'Bin': 'E:\Interview\observability-platform\actions-runner\bin'
[2026-08-01 15:35:34Z INFO HostContext] Well known directory 'Root': 'E:\Interview\observability-platform\actions-runner'
[2026-08-01 15:35:34Z INFO HostContext] Well known config file 'Service': 'E:\Interview\observability-platform\actions-runner\.service'
[2026-08-01 15:35:34Z INFO WindowsServiceControlManager] Configuration was successful, trying to start the service
[2026-08-01 15:35:34Z INFO Terminal] WRITE LINE: Waiting for service to start...
[2026-08-01 15:35:34Z INFO Terminal] WRITE LINE: Service actions.runner.manjuaws1204-observability-platform.MANJU started successfully
[2026-08-01 15:35:34Z INFO Listener] Runner execution has finished with return code 0
