[2026-08-01 15:35:34Z INFO HostContext] No proxy settings were found based on environmental variables (http_proxy/https_proxy/HTTP_PROXY/HTTPS_PROXY)
[2026-08-01 15:35:34Z INFO HostContext] Well known directory 'Bin': 'E:\Interview\observability-platform\actions-runner\bin'
[2026-08-01 15:35:34Z INFO HostContext] Well known directory 'Root': 'E:\Interview\observability-platform\actions-runner'
[2026-08-01 15:35:34Z INFO HostContext] Well known config file 'Credentials': 'E:\Interview\observability-platform\actions-runner\.credentials'
[2026-08-01 15:35:34Z INFO HostContext] Well known directory 'Bin': 'E:\Interview\observability-platform\actions-runner\bin'
[2026-08-01 15:35:34Z INFO HostContext] Well known directory 'Root': 'E:\Interview\observability-platform\actions-runner'
[2026-08-01 15:35:34Z INFO HostContext] Well known config file 'Runner': 'E:\Interview\observability-platform\actions-runner\.runner'
[2026-08-01 15:35:34Z INFO Listener] Runner is built for Windows (X64) - win-x64.
[2026-08-01 15:35:34Z INFO Listener] RuntimeInformation: Microsoft Windows 10.0.19045.
[2026-08-01 15:35:34Z INFO Listener] Version: 2.336.0
[2026-08-01 15:35:34Z INFO Listener] Commit: 98aabcd429c4e8402406c56ce2d26387fed3b9ce
[2026-08-01 15:35:34Z INFO Listener] Culture: en-IN
[2026-08-01 15:35:34Z INFO Listener] UI Culture: en-US
[2026-08-01 15:35:34Z INFO HostContext] Well known directory 'Bin': 'E:\Interview\observability-platform\actions-runner\bin'
[2026-08-01 15:35:34Z INFO HostContext] Well known directory 'Root': 'E:\Interview\observability-platform\actions-runner'
[2026-08-01 15:35:34Z INFO Listener] Validating directory permissions for: 'E:\Interview\observability-platform\actions-runner'
[2026-08-01 15:35:34Z INFO CommandLineParser] Parse
[2026-08-01 15:35:34Z INFO CommandLineParser] Parsing 3 args
[2026-08-01 15:35:34Z INFO CommandLineParser] parsing argument
[2026-08-01 15:35:34Z INFO CommandLineParser] HasArgs: False
[2026-08-01 15:35:34Z INFO CommandLineParser] Adding Command: run
[2026-08-01 15:35:34Z INFO CommandLineParser] parsing argument
[2026-08-01 15:35:34Z INFO CommandLineParser] HasArgs: True
[2026-08-01 15:35:34Z INFO CommandLineParser] arg: startuptype
[2026-08-01 15:35:34Z INFO CommandLineParser] parsing argument
[2026-08-01 15:35:34Z INFO CommandLineParser] HasArgs: True
[2026-08-01 15:35:34Z INFO CommandLineParser] Adding option 'startuptype': 'service'
[2026-08-01 15:35:34Z INFO Listener] Arguments parsed
[2026-08-01 15:35:34Z INFO Runner] ExecuteCommand
[2026-08-01 15:35:34Z INFO ConfigurationStore] currentAssemblyLocation: E:\Interview\observability-platform\actions-runner\bin\Runner.Listener.dll
[2026-08-01 15:35:34Z INFO HostContext] Well known directory 'Bin': 'E:\Interview\observability-platform\actions-runner\bin'
[2026-08-01 15:35:34Z INFO ConfigurationStore] binPath: E:\Interview\observability-platform\actions-runner\bin
[2026-08-01 15:35:34Z INFO HostContext] Well known directory 'Bin': 'E:\Interview\observability-platform\actions-runner\bin'
[2026-08-01 15:35:34Z INFO HostContext] Well known directory 'Root': 'E:\Interview\observability-platform\actions-runner'
[2026-08-01 15:35:34Z INFO ConfigurationStore] RootFolder: E:\Interview\observability-platform\actions-runner
[2026-08-01 15:35:34Z INFO HostContext] Well known directory 'Bin': 'E:\Interview\observability-platform\actions-runner\bin'
[2026-08-01 15:35:34Z INFO HostContext] Well known directory 'Root': 'E:\Interview\observability-platform\actions-runner'
[2026-08-01 15:35:34Z INFO HostContext] Well known config file 'Runner': 'E:\Interview\observability-platform\actions-runner\.runner'
[2026-08-01 15:35:34Z INFO ConfigurationStore] ConfigFilePath: E:\Interview\observability-platform\actions-runner\.runner
[2026-08-01 15:35:34Z INFO HostContext] Well known directory 'Bin': 'E:\Interview\observability-platform\actions-runner\bin'
[2026-08-01 15:35:34Z INFO HostContext] Well known directory 'Root': 'E:\Interview\observability-platform\actions-runner'
[2026-08-01 15:35:34Z INFO HostContext] Well known config file 'MigratedRunner': 'E:\Interview\observability-platform\actions-runner\.runner_migrated'
[2026-08-01 15:35:34Z INFO ConfigurationStore] MigratedConfigFilePath: E:\Interview\observability-platform\actions-runner\.runner_migrated
[2026-08-01 15:35:34Z INFO HostContext] Well known directory 'Bin': 'E:\Interview\observability-platform\actions-runner\bin'
[2026-08-01 15:35:34Z INFO HostContext] Well known directory 'Root': 'E:\Interview\observability-platform\actions-runner'
[2026-08-01 15:35:34Z INFO HostContext] Well known config file 'Credentials': 'E:\Interview\observability-platform\actions-runner\.credentials'
[2026-08-01 15:35:34Z INFO ConfigurationStore] CredFilePath: E:\Interview\observability-platform\actions-runner\.credentials
[2026-08-01 15:35:34Z INFO HostContext] Well known directory 'Bin': 'E:\Interview\observability-platform\actions-runner\bin'
[2026-08-01 15:35:34Z INFO HostContext] Well known directory 'Root': 'E:\Interview\observability-platform\actions-runner'
[2026-08-01 15:35:34Z INFO HostContext] Well known config file 'MigratedCredentials': 'E:\Interview\observability-platform\actions-runner\.credentials_migrated'
[2026-08-01 15:35:34Z INFO ConfigurationStore] MigratedCredFilePath: E:\Interview\observability-platform\actions-runner\.credentials_migrated
[2026-08-01 15:35:34Z INFO HostContext] Well known directory 'Bin': 'E:\Interview\observability-platform\actions-runner\bin'
[2026-08-01 15:35:34Z INFO HostContext] Well known directory 'Root': 'E:\Interview\observability-platform\actions-runner'
[2026-08-01 15:35:34Z INFO HostContext] Well known config file 'Service': 'E:\Interview\observability-platform\actions-runner\.service'
[2026-08-01 15:35:34Z INFO ConfigurationStore] ServiceConfigFilePath: E:\Interview\observability-platform\actions-runner\.service
[2026-08-01 15:35:34Z INFO CommandSettings] Flag 'help': 'False'
[2026-08-01 15:35:34Z INFO CommandSettings] Flag 'version': 'False'
[2026-08-01 15:35:34Z INFO CommandSettings] Flag 'commit': 'False'
[2026-08-01 15:35:34Z INFO CommandSettings] Flag 'check': 'False'
[2026-08-01 15:35:34Z INFO CommandSettings] Command 'configure': 'False'
[2026-08-01 15:35:34Z INFO CommandSettings] Command 'remove': 'False'
[2026-08-01 15:35:34Z INFO CommandSettings] Command 'warmup': 'False'
[2026-08-01 15:35:34Z INFO ConfigurationManager] LoadSettings
[2026-08-01 15:35:34Z INFO ConfigurationStore] IsConfigured()
[2026-08-01 15:35:34Z INFO ConfigurationStore] IsConfigured: True
[2026-08-01 15:35:34Z INFO ConfigurationManager] Is configured: True
[2026-08-01 15:35:34Z INFO ConfigurationStore] Read setting file: 403 chars
[2026-08-01 15:35:34Z INFO ConfigurationManager] Settings Loaded
[2026-08-01 15:35:34Z INFO ConfigurationStore] IsServiceConfigured()
[2026-08-01 15:35:34Z INFO ConfigurationStore] IsServiceConfigured: True
[2026-08-01 15:35:34Z INFO CommandSettings] Command 'run': 'True'
[2026-08-01 15:35:34Z INFO ConfigurationStore] IsConfigured()
[2026-08-01 15:35:34Z INFO ConfigurationStore] IsConfigured: True
[2026-08-01 15:35:34Z INFO ConfigurationManager] Is configured: True
[2026-08-01 15:35:34Z INFO Runner] Set runner startup type - Service
[2026-08-01 15:35:34Z INFO CommandSettings] Flag 'once': 'False'
[2026-08-01 15:35:34Z INFO CommandSettings] Flag 'once': 'False'
[2026-08-01 15:35:34Z INFO Runner] RunAsync
[2026-08-01 15:35:34Z INFO HostContext] Well known directory 'Bin': 'E:\Interview\observability-platform\actions-runner\bin'
[2026-08-01 15:35:34Z INFO HostContext] Well known directory 'Root': 'E:\Interview\observability-platform\actions-runner'
[2026-08-01 15:35:34Z INFO HostContext] Well known directory 'Work': 'E:\Interview\observability-platform\actions-runner\_work'
[2026-08-01 15:35:34Z INFO Runner] Validating directory permissions for: 'E:\Interview\observability-platform\actions-runner\_work'
[2026-08-01 15:35:34Z INFO ConfigurationManager] LoadMigratedSettings
[2026-08-01 15:35:34Z INFO ConfigurationStore] IsMigratedConfigured()
[2026-08-01 15:35:34Z INFO ConfigurationStore] IsMigratedConfigured: False
[2026-08-01 15:35:34Z INFO Runner] Failed to load migrated settings: No migrated configuration found.
[2026-08-01 15:35:34Z INFO Runner] Falling back to original .runner settings
[2026-08-01 15:35:34Z INFO Runner] Using BrokerMessageListener
[2026-08-01 15:35:34Z INFO BrokerMessageListener] Using provided settings
[2026-08-01 15:35:34Z INFO BrokerMessageListener] {
  "AgentId": 2,
  "AgentName": "MANJU",
  "PoolId": 1,
  "PoolName": "Default",
  "ServerUrl": "https://pipelinesghubeus4.actions.githubusercontent.com/rELeU2sphfas8FzBe7LAafPc8yHfvrFSDCsp0gwkRY8HUooZ4G/",
  "GitHubUrl": "https://github.com/manjuaws1204/observability-platform",
  "WorkFolder": "_work",
  "UseV2Flow": true,
  "ServerUrlV2": "https://broker.actions.githubusercontent.com/"
}
[2026-08-01 15:35:34Z INFO BrokerMessageListener] Loading Credentials
[2026-08-01 15:35:34Z INFO ConfigurationStore] HasCredentials()
[2026-08-01 15:35:34Z INFO ConfigurationStore] stored True
[2026-08-01 15:35:34Z INFO CredentialManager] GetCredentialProvider
[2026-08-01 15:35:34Z INFO CredentialManager] Creating type OAuth
[2026-08-01 15:35:34Z INFO CredentialManager] Creating credential type: OAuth
[2026-08-01 15:35:34Z INFO HostContext] Well known directory 'Bin': 'E:\Interview\observability-platform\actions-runner\bin'
[2026-08-01 15:35:34Z INFO HostContext] Well known directory 'Root': 'E:\Interview\observability-platform\actions-runner'
[2026-08-01 15:35:34Z INFO HostContext] Well known config file 'RSACredentials': 'E:\Interview\observability-platform\actions-runner\.credentials_rsaparams'
[2026-08-01 15:35:34Z INFO RSAEncryptedFileKeyManager] Loading RSA key parameters from file E:\Interview\observability-platform\actions-runner\.credentials_rsaparams
[2026-08-01 15:35:34Z INFO BrokerMessageListener] Attempt to create session.
[2026-08-01 15:35:34Z INFO BrokerMessageListener] Connecting to the Broker Server...
[2026-08-01 15:35:34Z INFO ConfigurationStore] HasCredentials()
[2026-08-01 15:35:34Z INFO ConfigurationStore] stored True
[2026-08-01 15:35:34Z INFO CredentialManager] GetCredentialProvider
[2026-08-01 15:35:34Z INFO CredentialManager] Creating type OAuth
[2026-08-01 15:35:34Z INFO CredentialManager] Creating credential type: OAuth
[2026-08-01 15:35:34Z INFO RSAEncryptedFileKeyManager] Loading RSA key parameters from file E:\Interview\observability-platform\actions-runner\.credentials_rsaparams
[2026-08-01 15:35:34Z INFO BrokerMessageListener] VssConnection created
[2026-08-01 15:35:34Z INFO BrokerMessageListener] Connecting to the Runner server...
[2026-08-01 15:35:34Z INFO RunnerServer] EstablishVssConnection
[2026-08-01 15:35:34Z INFO RunnerServer] Establish connection with 100 seconds timeout.
[2026-08-01 15:35:34Z INFO GitHubActionsService] Starting operation Location.GetConnectionData
[2026-08-01 15:35:35Z INFO RunnerServer] EstablishVssConnection
[2026-08-01 15:35:35Z INFO RunnerServer] Establish connection with 60 seconds timeout.
[2026-08-01 15:35:35Z INFO GitHubActionsService] Starting operation Location.GetConnectionData
[2026-08-01 15:35:35Z INFO RunnerServer] EstablishVssConnection
[2026-08-01 15:35:35Z INFO RunnerServer] Establish connection with 60 seconds timeout.
[2026-08-01 15:35:35Z INFO GitHubActionsService] Starting operation Location.GetConnectionData
[2026-08-01 15:35:36Z INFO GitHubActionsService] Finished operation Location.GetConnectionData
[2026-08-01 15:35:36Z INFO GitHubActionsService] Finished operation Location.GetConnectionData
[2026-08-01 15:35:36Z INFO GitHubActionsService] Finished operation Location.GetConnectionData
[2026-08-01 15:35:36Z INFO BrokerMessageListener] VssConnection created
[2026-08-01 15:35:36Z INFO Terminal] WRITE LINE: 
[2026-08-01 15:35:36Z INFO Terminal] WRITE LINE: 
[2026-08-01 15:35:36Z INFO RSAEncryptedFileKeyManager] Loading RSA key parameters from file E:\Interview\observability-platform\actions-runner\.credentials_rsaparams
[2026-08-01 15:35:36Z INFO RSAEncryptedFileKeyManager] Loading RSA key parameters from file E:\Interview\observability-platform\actions-runner\.credentials_rsaparams
[2026-08-01 15:35:38Z INFO GitHubActionsService] AAD Correlation ID for this token request: Unknown
[2026-08-01 15:35:38Z INFO BrokerMessageListener] Session created.
[2026-08-01 15:35:38Z INFO Terminal] WRITE LINE: Current runner version: '2.336.0'
[2026-08-01 15:35:38Z INFO Terminal] WRITE LINE: 2026-08-01 15:35:38Z: Listening for Jobs
[2026-08-01 15:35:38Z INFO JobDispatcher] Set runner/worker IPC timeout to 30 seconds.
[2026-08-01 15:42:21Z INFO BrokerMessageListener] Acknowledging runner request 'c3bfa023-0395-5d1e-b307-a2de08525c56'.
[2026-08-01 15:42:22Z INFO ConfigurationStore] HasCredentials()
[2026-08-01 15:42:22Z INFO ConfigurationStore] stored True
[2026-08-01 15:42:22Z INFO CredentialManager] GetCredentialProvider
[2026-08-01 15:42:22Z INFO CredentialManager] Creating type OAuth
[2026-08-01 15:42:22Z INFO CredentialManager] Creating credential type: OAuth
[2026-08-01 15:42:22Z INFO RSAEncryptedFileKeyManager] Loading RSA key parameters from file E:\Interview\observability-platform\actions-runner\.credentials_rsaparams
[2026-08-01 15:42:22Z INFO RSAEncryptedFileKeyManager] Loading RSA key parameters from file E:\Interview\observability-platform\actions-runner\.credentials_rsaparams
[2026-08-01 15:42:22Z INFO RSAEncryptedFileKeyManager] Loading RSA key parameters from file E:\Interview\observability-platform\actions-runner\.credentials_rsaparams
[2026-08-01 15:42:22Z INFO GitHubActionsService] AAD Correlation ID for this token request: Unknown
[2026-08-01 15:42:24Z INFO JobDispatcher] Job request 0 for plan b001a0b2-16fe-4fc1-aade-4805e923b8de job c3bfa023-0395-5d1e-b307-a2de08525c56 received.
[2026-08-01 15:42:24Z INFO JobDispatcher] Pull OrchestrationId b001a0b2-16fe-4fc1-aade-4805e923b8de.test-runner.__default from JWT claims
[2026-08-01 15:42:24Z INFO BrokerMessageListener] Received job status event. JobState: Busy
[2026-08-01 15:42:24Z INFO BrokerMessageListener] _getMessagesTokenSource is already disposed.
[2026-08-01 15:42:24Z INFO Terminal] WRITE LINE: 2026-08-01 15:42:24Z: Running job: test-runner
[2026-08-01 15:42:24Z INFO JobDispatcher] Start renew job request 0 for job c3bfa023-0395-5d1e-b307-a2de08525c56.
[2026-08-01 15:42:25Z INFO JobDispatcher] Successfully renew job c3bfa023-0395-5d1e-b307-a2de08525c56, job is valid till 01-08-2026 15:52:25
[2026-08-01 15:42:25Z INFO HostContext] Well known directory 'Bin': 'E:\Interview\observability-platform\actions-runner\bin'
[2026-08-01 15:42:25Z INFO ProcessInvokerWrapper] Starting process:
[2026-08-01 15:42:25Z INFO ProcessInvokerWrapper]   File name: 'E:\Interview\observability-platform\actions-runner\bin\Runner.Worker.exe'
[2026-08-01 15:42:25Z INFO ProcessInvokerWrapper]   Arguments: 'spawnclient 2056 1748'
[2026-08-01 15:42:25Z INFO ProcessInvokerWrapper]   Working directory: 'E:\Interview\observability-platform\actions-runner\bin'
[2026-08-01 15:42:25Z INFO ProcessInvokerWrapper]   Require exit code zero: 'False'
[2026-08-01 15:42:25Z INFO ProcessInvokerWrapper]   Encoding web name:  ; code page: ''
[2026-08-01 15:42:25Z INFO ProcessInvokerWrapper]   Force kill process on cancellation: 'True'
[2026-08-01 15:42:25Z INFO ProcessInvokerWrapper]   Redirected STDIN: 'False'
[2026-08-01 15:42:25Z INFO ProcessInvokerWrapper]   Persist current code page: 'False'
[2026-08-01 15:42:25Z INFO ProcessInvokerWrapper]   Keep redirected STDIN open: 'False'
[2026-08-01 15:42:25Z INFO ProcessInvokerWrapper]   High priority process: 'True'
[2026-08-01 15:42:26Z INFO ProcessInvokerWrapper] Process started with process id 20244, waiting for process exit.
[2026-08-01 15:42:26Z INFO JobDispatcher] Send job request message to worker for job c3bfa023-0395-5d1e-b307-a2de08525c56.
[2026-08-01 15:42:26Z INFO ProcessChannel] Sending message of length 22636, with hash '35713dbaddba2835b33a8e1bdadfee2600f1a014c0a38a136de9ef557bac68c7'
[2026-08-01 15:42:27Z INFO JobNotification] Entering JobStarted Notification
[2026-08-01 15:42:27Z INFO JobNotification] Entering StartMonitor
[2026-08-01 15:43:12Z INFO ProcessInvokerWrapper] STDOUT/STDERR stream read finished.
[2026-08-01 15:43:12Z INFO ProcessInvokerWrapper] STDOUT/STDERR stream read finished.
[2026-08-01 15:43:12Z INFO ProcessInvokerWrapper] Finished process 20244 with exit code 100, and elapsed time 00:00:46.5268270.
[2026-08-01 15:43:12Z INFO JobDispatcher] Worker finished for job c3bfa023-0395-5d1e-b307-a2de08525c56. Code: 100
[2026-08-01 15:43:12Z INFO JobDispatcher] finish job request for job c3bfa023-0395-5d1e-b307-a2de08525c56 with result: Succeeded
[2026-08-01 15:43:12Z INFO Terminal] WRITE LINE: 2026-08-01 15:43:12Z: Job test-runner completed with result: Succeeded
[2026-08-01 15:43:12Z INFO JobDispatcher] Stop renew job request for job c3bfa023-0395-5d1e-b307-a2de08525c56.
[2026-08-01 15:43:12Z INFO JobDispatcher] job renew has been cancelled, stop renew job c3bfa023-0395-5d1e-b307-a2de08525c56.
[2026-08-01 15:43:12Z INFO JobNotification] Entering JobCompleted Notification
[2026-08-01 15:43:12Z INFO JobNotification] Entering EndMonitor
[2026-08-01 15:43:12Z INFO BrokerMessageListener] Received job status event. JobState: Online
[2026-08-01 15:43:12Z WARN GitHubActionsService] GET request to https://broker.actions.githubusercontent.com/message?sessionId=8d869164-20ed-438a-a13e-ba99de3fe20d&status=Busy&runnerVersion=2.336.0&os=Windows&architecture=X64&disableUpdate=false has been cancelled.
[2026-08-01 15:43:12Z ERR  BrokerServer] Catch exception during request
[2026-08-01 15:43:12Z ERR  BrokerServer] System.Threading.Tasks.TaskCanceledException: The operation was canceled.
 ---> System.Threading.Tasks.TaskCanceledException: The operation was canceled.
 ---> System.IO.IOException: Unable to read data from the transport connection: The I/O operation has been aborted because of either a thread exit or an application request..
 ---> System.Net.Sockets.SocketException (995): The I/O operation has been aborted because of either a thread exit or an application request.
   --- End of inner exception stack trace ---
   at System.Net.Sockets.Socket.AwaitableSocketAsyncEventArgs.System.Threading.Tasks.Sources.IValueTaskSource<System.Int32>.GetResult(Int16 token)
   at System.Net.Security.SslStream.EnsureFullTlsFrameAsync[TIOAdapter](CancellationToken cancellationToken, Int32 estimatedSize)
   at System.Runtime.CompilerServices.PoolingAsyncValueTaskMethodBuilder`1.StateMachineBox`1.System.Threading.Tasks.Sources.IValueTaskSource<TResult>.GetResult(Int16 token)
   at System.Net.Security.SslStream.ReadAsyncInternal[TIOAdapter](Memory`1 buffer, CancellationToken cancellationToken)
   at System.Runtime.CompilerServices.PoolingAsyncValueTaskMethodBuilder`1.StateMachineBox`1.System.Threading.Tasks.Sources.IValueTaskSource<TResult>.GetResult(Int16 token)
   at System.Net.Http.HttpConnection.<EnsureReadAheadTaskHasStarted>g__ReadAheadWithZeroByteReadAsync|40_0()
   at System.Net.Http.HttpConnection.SendAsync(HttpRequestMessage request, Boolean async, CancellationToken cancellationToken)
   --- End of inner exception stack trace ---
   at System.Net.Http.HttpConnection.SendAsync(HttpRequestMessage request, Boolean async, CancellationToken cancellationToken)
   at System.Net.Http.AuthenticationHelper.SendWithNtAuthAsync(HttpRequestMessage request, Uri authUri, Boolean async, ICredentials credentials, Boolean isProxyAuth, HttpConnection connection, HttpConnectionPool connectionPool, CancellationToken cancellationToken)
   at System.Net.Http.HttpConnectionPool.SendWithVersionDetectionAndRetryAsync(HttpRequestMessage request, Boolean async, Boolean doRequestAuth, CancellationToken cancellationToken)
   at System.Net.Http.AuthenticationHelper.SendWithAuthAsync(HttpRequestMessage request, Uri authUri, Boolean async, ICredentials credentials, Boolean preAuthenticate, Boolean isProxyAuth, Boolean doRequestAuth, HttpConnectionPool pool, CancellationToken cancellationToken)
   at System.Net.Http.RedirectHandler.SendAsync(HttpRequestMessage request, Boolean async, CancellationToken cancellationToken)
   at GitHub.Services.Common.RawHttpMessageHandler.SendAsync(HttpRequestMessage request, CancellationToken cancellationToken)
   at GitHub.Services.Common.VssHttpRetryMessageHandler.SendAsync(HttpRequestMessage request, CancellationToken cancellationToken)
   at System.Net.Http.HttpClient.<SendAsync>g__Core|83_0(HttpRequestMessage request, HttpCompletionOption completionOption, CancellationTokenSource cts, Boolean disposeCts, CancellationTokenSource pendingRequestsCts, CancellationToken originalCancellationToken)
   --- End of inner exception stack trace ---
   at System.Net.Http.HttpClient.HandleFailure(Exception e, Boolean telemetryStarted, HttpResponseMessage response, CancellationTokenSource cts, CancellationToken cancellationToken, CancellationTokenSource pendingRequestsCts)
   at System.Net.Http.HttpClient.<SendAsync>g__Core|83_0(HttpRequestMessage request, HttpCompletionOption completionOption, CancellationTokenSource cts, Boolean disposeCts, CancellationTokenSource pendingRequestsCts, CancellationToken originalCancellationToken)
   at Sdk.WebApi.WebApi.RawHttpClientBase.SendAsync(HttpRequestMessage message, HttpCompletionOption completionOption, Object userState, CancellationToken cancellationToken)
   at Sdk.WebApi.WebApi.RawHttpClientBase.SendAsync[T](HttpRequestMessage message, Boolean readErrorBody, Object userState, CancellationToken cancellationToken)
   at Sdk.WebApi.WebApi.RawHttpClientBase.SendAsync[T](HttpMethod method, IEnumerable`1 additionalHeaders, Uri requestUri, HttpContent content, IEnumerable`1 queryParameters, Boolean readErrorBody, Object userState, CancellationToken cancellationToken)
   at GitHub.Actions.RunService.WebApi.BrokerHttpClient.GetRunnerMessageAsync(Nullable`1 sessionId, String runnerVersion, Nullable`1 status, String os, String architecture, Nullable`1 disableUpdate, CancellationToken cancellationToken)
   at GitHub.Runner.Common.BrokerServer.<>c__DisplayClass7_0.<<GetRunnerMessageAsync>b__0>d.MoveNext()
--- End of stack trace from previous location ---
   at GitHub.Runner.Common.RunnerService.RetryRequest[T](Func`1 func, CancellationToken cancellationToken, Int32 maxAttempts, Func`2 shouldRetry)
[2026-08-01 15:43:12Z ERR  BrokerServer] #####################################################
[2026-08-01 15:43:12Z ERR  BrokerServer] System.Threading.Tasks.TaskCanceledException: The operation was canceled.
 ---> System.IO.IOException: Unable to read data from the transport connection: The I/O operation has been aborted because of either a thread exit or an application request..
 ---> System.Net.Sockets.SocketException (995): The I/O operation has been aborted because of either a thread exit or an application request.
   --- End of inner exception stack trace ---
   at System.Net.Sockets.Socket.AwaitableSocketAsyncEventArgs.System.Threading.Tasks.Sources.IValueTaskSource<System.Int32>.GetResult(Int16 token)
   at System.Net.Security.SslStream.EnsureFullTlsFrameAsync[TIOAdapter](CancellationToken cancellationToken, Int32 estimatedSize)
   at System.Runtime.CompilerServices.PoolingAsyncValueTaskMethodBuilder`1.StateMachineBox`1.System.Threading.Tasks.Sources.IValueTaskSource<TResult>.GetResult(Int16 token)
   at System.Net.Security.SslStream.ReadAsyncInternal[TIOAdapter](Memory`1 buffer, CancellationToken cancellationToken)
   at System.Runtime.CompilerServices.PoolingAsyncValueTaskMethodBuilder`1.StateMachineBox`1.System.Threading.Tasks.Sources.IValueTaskSource<TResult>.GetResult(Int16 token)
   at System.Net.Http.HttpConnection.<EnsureReadAheadTaskHasStarted>g__ReadAheadWithZeroByteReadAsync|40_0()
   at System.Net.Http.HttpConnection.SendAsync(HttpRequestMessage request, Boolean async, CancellationToken cancellationToken)
   --- End of inner exception stack trace ---
   at System.Net.Http.HttpConnection.SendAsync(HttpRequestMessage request, Boolean async, CancellationToken cancellationToken)
   at System.Net.Http.AuthenticationHelper.SendWithNtAuthAsync(HttpRequestMessage request, Uri authUri, Boolean async, ICredentials credentials, Boolean isProxyAuth, HttpConnection connection, HttpConnectionPool connectionPool, CancellationToken cancellationToken)
   at System.Net.Http.HttpConnectionPool.SendWithVersionDetectionAndRetryAsync(HttpRequestMessage request, Boolean async, Boolean doRequestAuth, CancellationToken cancellationToken)
   at System.Net.Http.AuthenticationHelper.SendWithAuthAsync(HttpRequestMessage request, Uri authUri, Boolean async, ICredentials credentials, Boolean preAuthenticate, Boolean isProxyAuth, Boolean doRequestAuth, HttpConnectionPool pool, CancellationToken cancellationToken)
   at System.Net.Http.RedirectHandler.SendAsync(HttpRequestMessage request, Boolean async, CancellationToken cancellationToken)
   at GitHub.Services.Common.RawHttpMessageHandler.SendAsync(HttpRequestMessage request, CancellationToken cancellationToken)
   at GitHub.Services.Common.VssHttpRetryMessageHandler.SendAsync(HttpRequestMessage request, CancellationToken cancellationToken)
   at System.Net.Http.HttpClient.<SendAsync>g__Core|83_0(HttpRequestMessage request, HttpCompletionOption completionOption, CancellationTokenSource cts, Boolean disposeCts, CancellationTokenSource pendingRequestsCts, CancellationToken originalCancellationToken)
[2026-08-01 15:43:12Z ERR  BrokerServer] #####################################################
[2026-08-01 15:43:12Z ERR  BrokerServer] System.IO.IOException: Unable to read data from the transport connection: The I/O operation has been aborted because of either a thread exit or an application request..
 ---> System.Net.Sockets.SocketException (995): The I/O operation has been aborted because of either a thread exit or an application request.
   --- End of inner exception stack trace ---
   at System.Net.Sockets.Socket.AwaitableSocketAsyncEventArgs.System.Threading.Tasks.Sources.IValueTaskSource<System.Int32>.GetResult(Int16 token)
   at System.Net.Security.SslStream.EnsureFullTlsFrameAsync[TIOAdapter](CancellationToken cancellationToken, Int32 estimatedSize)
   at System.Runtime.CompilerServices.PoolingAsyncValueTaskMethodBuilder`1.StateMachineBox`1.System.Threading.Tasks.Sources.IValueTaskSource<TResult>.GetResult(Int16 token)
   at System.Net.Security.SslStream.ReadAsyncInternal[TIOAdapter](Memory`1 buffer, CancellationToken cancellationToken)
   at System.Runtime.CompilerServices.PoolingAsyncValueTaskMethodBuilder`1.StateMachineBox`1.System.Threading.Tasks.Sources.IValueTaskSource<TResult>.GetResult(Int16 token)
   at System.Net.Http.HttpConnection.<EnsureReadAheadTaskHasStarted>g__ReadAheadWithZeroByteReadAsync|40_0()
   at System.Net.Http.HttpConnection.SendAsync(HttpRequestMessage request, Boolean async, CancellationToken cancellationToken)
[2026-08-01 15:43:12Z ERR  BrokerServer] #####################################################
[2026-08-01 15:43:12Z ERR  BrokerServer] System.Net.Sockets.SocketException (995): The I/O operation has been aborted because of either a thread exit or an application request.
[2026-08-01 15:43:12Z WARN BrokerServer] Back off 9.146 seconds before next retry. 4 attempt left.
[2026-08-01 15:43:12Z INFO BrokerMessageListener] Get messages has been cancelled using local token source. Continue to get messages with new status.
[2026-08-01 17:07:00Z WARN GitHubActionsService] Attempt 1 of GET request to https://broker.actions.githubusercontent.com/message?sessionId=8d869164-20ed-438a-a13e-ba99de3fe20d&status=Online&runnerVersion=2.336.0&os=Windows&architecture=X64&disableUpdate=false failed (Socket Error: ConnectionReset). The operation will be retried in 11.161 seconds.
[2026-08-01 17:07:12Z INFO RSAEncryptedFileKeyManager] Loading RSA key parameters from file E:\Interview\observability-platform\actions-runner\.credentials_rsaparams
[2026-08-01 17:07:13Z INFO GitHubActionsService] AAD Correlation ID for this token request: Unknown
[2026-08-01 17:10:33Z INFO Runner] Received RunnerRefreshConfigMessage for 'runner' config file
[2026-08-01 17:10:33Z INFO RunnerConfigUpdater] Verifying runner qualified id: U_kgDOERpXvQ/R_kgDOTqQjwA/self-hosted/2
[2026-08-01 17:10:33Z INFO HostContext] Well known directory 'Bin': 'E:\Interview\observability-platform\actions-runner\bin'
[2026-08-01 17:10:33Z INFO HostContext] Well known directory 'Root': 'E:\Interview\observability-platform\actions-runner'
[2026-08-01 17:10:33Z INFO HostContext] Well known config file 'Runner': 'E:\Interview\observability-platform\actions-runner\.runner'
[2026-08-01 17:10:34Z INFO RSAEncryptedFileKeyManager] Loading RSA key parameters from file E:\Interview\observability-platform\actions-runner\.credentials_rsaparams
[2026-08-01 17:10:34Z INFO RSAEncryptedFileKeyManager] Loading RSA key parameters from file E:\Interview\observability-platform\actions-runner\.credentials_rsaparams
[2026-08-01 17:10:34Z INFO GitHubActionsService] AAD Correlation ID for this token request: Unknown
[2026-08-01 17:10:35Z INFO ConfigurationStore] Saving runner migrated settings
[2026-08-01 17:10:35Z INFO ConfigurationStore] Migrated Settings Saved.
[2026-08-01 17:10:35Z INFO Runner] Runner configuration was updated. Session restart has been scheduled
[2026-08-01 17:10:35Z INFO Runner] Pending session restart detected and job dispatcher is not busy. Restarting session now.
[2026-08-01 17:10:35Z INFO JobDispatcher] Shutting down JobDispatcher. Make sure all WorkerDispatcher has finished.
[2026-08-01 17:10:35Z INFO JobDispatcher] Ensure WorkerDispatcher for job c3bfa023-0395-5d1e-b307-a2de08525c56 run to finish, cancel any running job.
[2026-08-01 17:10:35Z INFO JobDispatcher] Job request c3bfa023-0395-5d1e-b307-a2de08525c56 processed succeed.
[2026-08-01 17:10:35Z INFO Runner] Deleting Runner Session...
[2026-08-01 17:10:35Z INFO Runner] Restarting runner session after config update...
[2026-08-01 17:10:35Z INFO Runner] Runner configuration was refreshed, restarting session...
[2026-08-01 17:10:35Z INFO ConfigurationManager] LoadSettings
[2026-08-01 17:10:35Z INFO ConfigurationStore] IsConfigured()
[2026-08-01 17:10:35Z INFO ConfigurationStore] IsConfigured: True
[2026-08-01 17:10:35Z INFO ConfigurationManager] Is configured: True
[2026-08-01 17:10:35Z INFO ConfigurationManager] Settings Loaded
[2026-08-01 17:10:35Z INFO Runner] RunAsync
[2026-08-01 17:10:35Z INFO HostContext] Well known directory 'Bin': 'E:\Interview\observability-platform\actions-runner\bin'
[2026-08-01 17:10:35Z INFO HostContext] Well known directory 'Root': 'E:\Interview\observability-platform\actions-runner'
[2026-08-01 17:10:35Z INFO HostContext] Well known directory 'Work': 'E:\Interview\observability-platform\actions-runner\_work'
[2026-08-01 17:10:35Z INFO Runner] Validating directory permissions for: 'E:\Interview\observability-platform\actions-runner\_work'
[2026-08-01 17:10:35Z INFO ConfigurationManager] LoadMigratedSettings
[2026-08-01 17:10:35Z INFO ConfigurationStore] IsMigratedConfigured()
[2026-08-01 17:10:35Z INFO ConfigurationStore] IsMigratedConfigured: True
[2026-08-01 17:10:35Z INFO ConfigurationStore] Read migrated setting file: 403 chars
[2026-08-01 17:10:35Z INFO ConfigurationManager] Migrated Settings Loaded
[2026-08-01 17:10:35Z INFO Runner] Loaded migrated settings from .runner_migrated file
[2026-08-01 17:10:35Z INFO Runner] {
  "AgentId": 2,
  "AgentName": "MANJU",
  "PoolId": 1,
  "PoolName": "Default",
  "ServerUrl": "https://pipelinesghubeus4.actions.githubusercontent.com/rELeU2sphfas8FzBe7LAafPc8yHfvrFSDCsp0gwkRY8HUooZ4G/",
  "GitHubUrl": "https://github.com/manjuaws1204/observability-platform",
  "WorkFolder": "_work",
  "UseV2Flow": true,
  "ServerUrlV2": "https://broker.actions.githubusercontent.com/"
}
[2026-08-01 17:10:35Z INFO Runner] Attempting to create session using migrated settings
[2026-08-01 17:10:35Z INFO Runner] Using BrokerMessageListener
[2026-08-01 17:10:35Z INFO BrokerMessageListener] Using provided settings
[2026-08-01 17:10:35Z INFO BrokerMessageListener] Using migrated settings from .runner_migrated
[2026-08-01 17:10:35Z INFO BrokerMessageListener] {
  "AgentId": 2,
  "AgentName": "MANJU",
  "PoolId": 1,
  "PoolName": "Default",
  "ServerUrl": "https://pipelinesghubeus4.actions.githubusercontent.com/rELeU2sphfas8FzBe7LAafPc8yHfvrFSDCsp0gwkRY8HUooZ4G/",
  "GitHubUrl": "https://github.com/manjuaws1204/observability-platform",
  "WorkFolder": "_work",
  "UseV2Flow": true,
  "ServerUrlV2": "https://broker.actions.githubusercontent.com/"
}
[2026-08-01 17:10:35Z INFO BrokerMessageListener] Loading Credentials
[2026-08-01 17:10:35Z INFO ConfigurationStore] HasCredentials()
[2026-08-01 17:10:35Z INFO ConfigurationStore] stored True
[2026-08-01 17:10:35Z INFO CredentialManager] GetCredentialProvider
[2026-08-01 17:10:35Z INFO CredentialManager] Creating type OAuth
[2026-08-01 17:10:35Z INFO CredentialManager] Creating credential type: OAuth
[2026-08-01 17:10:35Z INFO RSAEncryptedFileKeyManager] Loading RSA key parameters from file E:\Interview\observability-platform\actions-runner\.credentials_rsaparams
[2026-08-01 17:10:35Z INFO BrokerMessageListener] Attempt to create session.
[2026-08-01 17:10:35Z INFO BrokerMessageListener] Connecting to the Broker Server...
[2026-08-01 17:10:35Z INFO ConfigurationStore] HasCredentials()
[2026-08-01 17:10:35Z INFO ConfigurationStore] stored True
[2026-08-01 17:10:35Z INFO CredentialManager] GetCredentialProvider
[2026-08-01 17:10:35Z INFO CredentialManager] Creating type OAuth
[2026-08-01 17:10:35Z INFO CredentialManager] Creating credential type: OAuth
[2026-08-01 17:10:35Z INFO RSAEncryptedFileKeyManager] Loading RSA key parameters from file E:\Interview\observability-platform\actions-runner\.credentials_rsaparams
[2026-08-01 17:10:35Z INFO BrokerMessageListener] VssConnection created
[2026-08-01 17:10:35Z INFO BrokerMessageListener] Connecting to the Runner server...
[2026-08-01 17:10:35Z INFO RunnerServer] EstablishVssConnection
[2026-08-01 17:10:35Z INFO RunnerServer] Establish connection with 100 seconds timeout.
[2026-08-01 17:10:35Z INFO GitHubActionsService] Starting operation Location.GetConnectionData
[2026-08-01 17:10:35Z INFO RunnerServer] EstablishVssConnection
[2026-08-01 17:10:35Z INFO RunnerServer] Establish connection with 60 seconds timeout.
[2026-08-01 17:10:35Z INFO GitHubActionsService] Starting operation Location.GetConnectionData
[2026-08-01 17:10:35Z INFO RunnerServer] EstablishVssConnection
[2026-08-01 17:10:35Z INFO RunnerServer] Establish connection with 60 seconds timeout.
[2026-08-01 17:10:35Z INFO GitHubActionsService] Starting operation Location.GetConnectionData
[2026-08-01 17:10:36Z INFO GitHubActionsService] Finished operation Location.GetConnectionData
[2026-08-01 17:10:36Z INFO GitHubActionsService] Finished operation Location.GetConnectionData
[2026-08-01 17:10:36Z INFO GitHubActionsService] Finished operation Location.GetConnectionData
[2026-08-01 17:10:36Z INFO BrokerMessageListener] VssConnection created
[2026-08-01 17:10:36Z INFO Terminal] WRITE LINE: 
[2026-08-01 17:10:36Z INFO Terminal] WRITE LINE: 
[2026-08-01 17:10:36Z INFO RSAEncryptedFileKeyManager] Loading RSA key parameters from file E:\Interview\observability-platform\actions-runner\.credentials_rsaparams
[2026-08-01 17:10:36Z INFO RSAEncryptedFileKeyManager] Loading RSA key parameters from file E:\Interview\observability-platform\actions-runner\.credentials_rsaparams
[2026-08-01 17:10:37Z INFO GitHubActionsService] AAD Correlation ID for this token request: Unknown
[2026-08-01 17:10:38Z INFO BrokerMessageListener] Session created.
[2026-08-01 17:10:38Z INFO Runner] Successfully created session with migrated settings
[2026-08-01 17:10:38Z INFO Terminal] WRITE LINE: Current runner version: '2.336.0'
[2026-08-01 17:10:38Z INFO Terminal] WRITE LINE: 2026-08-01 17:10:38Z: Listening for Jobs
[2026-08-01 17:10:38Z INFO JobDispatcher] Set runner/worker IPC timeout to 30 seconds.
[2026-08-01 17:11:29Z ERR  GitHubActionsService] GET request to https://broker.actions.githubusercontent.com/message?sessionId=023fd9de-82da-4663-a732-f490a4d6b0f3&status=Online&runnerVersion=2.336.0&os=Windows&architecture=X64&disableUpdate=false failed. HTTP Status: NotFound
[2026-08-01 17:11:29Z INFO Runner] Runner registration no longer exists while retrieving messages. Runner not found
[2026-08-01 17:11:29Z ERR  Terminal] WRITE ERROR: The runner no longer exists on the server. Cleaning up local configuration.
[2026-08-01 17:11:29Z INFO JobDispatcher] Shutting down JobDispatcher. Make sure all WorkerDispatcher has finished.
[2026-08-01 17:11:29Z INFO ConfigurationStore] IsConfigured()
[2026-08-01 17:11:29Z INFO ConfigurationStore] IsConfigured: True
[2026-08-01 17:11:29Z INFO ConfigurationStore] HasCredentials()
[2026-08-01 17:11:29Z INFO ConfigurationStore] stored True
[2026-08-01 17:11:29Z INFO RSAEncryptedFileKeyManager] Deleting RSA key parameters file E:\Interview\observability-platform\actions-runner\.credentials_rsaparams
[2026-08-01 17:11:29Z INFO Listener] Runner execution has finished with return code 0
