[2026-08-01 15:33:47Z INFO HostContext] No proxy settings were found based on environmental variables (http_proxy/https_proxy/HTTP_PROXY/HTTPS_PROXY)
[2026-08-01 15:33:47Z INFO HostContext] Well known directory 'Bin': 'E:\Interview\observability-platform\actions-runner\bin'
[2026-08-01 15:33:47Z INFO HostContext] Well known directory 'Root': 'E:\Interview\observability-platform\actions-runner'
[2026-08-01 15:33:47Z INFO HostContext] Well known config file 'Credentials': 'E:\Interview\observability-platform\actions-runner\.credentials'
[2026-08-01 15:33:47Z INFO HostContext] Well known directory 'Bin': 'E:\Interview\observability-platform\actions-runner\bin'
[2026-08-01 15:33:47Z INFO HostContext] Well known directory 'Root': 'E:\Interview\observability-platform\actions-runner'
[2026-08-01 15:33:47Z INFO HostContext] Well known config file 'Runner': 'E:\Interview\observability-platform\actions-runner\.runner'
[2026-08-01 15:33:47Z INFO Listener] Runner is built for Windows (X64) - win-x64.
[2026-08-01 15:33:47Z INFO Listener] RuntimeInformation: Microsoft Windows 10.0.19045.
[2026-08-01 15:33:47Z INFO Listener] Version: 2.336.0
[2026-08-01 15:33:47Z INFO Listener] Commit: 98aabcd429c4e8402406c56ce2d26387fed3b9ce
[2026-08-01 15:33:47Z INFO Listener] Culture: en-IN
[2026-08-01 15:33:47Z INFO Listener] UI Culture: en-US
[2026-08-01 15:33:47Z INFO HostContext] Well known directory 'Bin': 'E:\Interview\observability-platform\actions-runner\bin'
[2026-08-01 15:33:47Z INFO HostContext] Well known directory 'Root': 'E:\Interview\observability-platform\actions-runner'
[2026-08-01 15:33:47Z INFO Listener] Validating directory permissions for: 'E:\Interview\observability-platform\actions-runner'
[2026-08-01 15:33:47Z INFO CommandLineParser] Parse
[2026-08-01 15:33:47Z INFO CommandLineParser] Parsing 5 args
[2026-08-01 15:33:47Z INFO CommandLineParser] parsing argument
[2026-08-01 15:33:47Z INFO CommandLineParser] HasArgs: False
[2026-08-01 15:33:47Z INFO CommandLineParser] Adding Command: configure
[2026-08-01 15:33:47Z INFO CommandLineParser] parsing argument
[2026-08-01 15:33:47Z INFO CommandLineParser] HasArgs: True
[2026-08-01 15:33:47Z INFO CommandLineParser] arg: url
[2026-08-01 15:33:47Z INFO CommandLineParser] parsing argument
[2026-08-01 15:33:47Z INFO CommandLineParser] HasArgs: True
[2026-08-01 15:33:47Z INFO CommandLineParser] Adding option 'url': 'https://github.com/manjuaws1204/observability-platform'
[2026-08-01 15:33:47Z INFO CommandLineParser] parsing argument
[2026-08-01 15:33:47Z INFO CommandLineParser] HasArgs: True
[2026-08-01 15:33:47Z INFO CommandLineParser] arg: token
[2026-08-01 15:33:47Z INFO CommandLineParser] parsing argument
[2026-08-01 15:33:47Z INFO CommandLineParser] HasArgs: True
[2026-08-01 15:33:47Z INFO CommandLineParser] Adding option 'token': '***'
[2026-08-01 15:33:47Z INFO Listener] Arguments parsed
[2026-08-01 15:33:47Z INFO Runner] ExecuteCommand
[2026-08-01 15:33:47Z INFO ConfigurationStore] currentAssemblyLocation: E:\Interview\observability-platform\actions-runner\bin\Runner.Listener.dll
[2026-08-01 15:33:47Z INFO HostContext] Well known directory 'Bin': 'E:\Interview\observability-platform\actions-runner\bin'
[2026-08-01 15:33:47Z INFO ConfigurationStore] binPath: E:\Interview\observability-platform\actions-runner\bin
[2026-08-01 15:33:47Z INFO HostContext] Well known directory 'Bin': 'E:\Interview\observability-platform\actions-runner\bin'
[2026-08-01 15:33:47Z INFO HostContext] Well known directory 'Root': 'E:\Interview\observability-platform\actions-runner'
[2026-08-01 15:33:47Z INFO ConfigurationStore] RootFolder: E:\Interview\observability-platform\actions-runner
[2026-08-01 15:33:47Z INFO HostContext] Well known directory 'Bin': 'E:\Interview\observability-platform\actions-runner\bin'
[2026-08-01 15:33:47Z INFO HostContext] Well known directory 'Root': 'E:\Interview\observability-platform\actions-runner'
[2026-08-01 15:33:47Z INFO HostContext] Well known config file 'Runner': 'E:\Interview\observability-platform\actions-runner\.runner'
[2026-08-01 15:33:47Z INFO ConfigurationStore] ConfigFilePath: E:\Interview\observability-platform\actions-runner\.runner
[2026-08-01 15:33:47Z INFO HostContext] Well known directory 'Bin': 'E:\Interview\observability-platform\actions-runner\bin'
[2026-08-01 15:33:47Z INFO HostContext] Well known directory 'Root': 'E:\Interview\observability-platform\actions-runner'
[2026-08-01 15:33:47Z INFO HostContext] Well known config file 'MigratedRunner': 'E:\Interview\observability-platform\actions-runner\.runner_migrated'
[2026-08-01 15:33:47Z INFO ConfigurationStore] MigratedConfigFilePath: E:\Interview\observability-platform\actions-runner\.runner_migrated
[2026-08-01 15:33:47Z INFO HostContext] Well known directory 'Bin': 'E:\Interview\observability-platform\actions-runner\bin'
[2026-08-01 15:33:47Z INFO HostContext] Well known directory 'Root': 'E:\Interview\observability-platform\actions-runner'
[2026-08-01 15:33:47Z INFO HostContext] Well known config file 'Credentials': 'E:\Interview\observability-platform\actions-runner\.credentials'
[2026-08-01 15:33:47Z INFO ConfigurationStore] CredFilePath: E:\Interview\observability-platform\actions-runner\.credentials
[2026-08-01 15:33:47Z INFO HostContext] Well known directory 'Bin': 'E:\Interview\observability-platform\actions-runner\bin'
[2026-08-01 15:33:47Z INFO HostContext] Well known directory 'Root': 'E:\Interview\observability-platform\actions-runner'
[2026-08-01 15:33:47Z INFO HostContext] Well known config file 'MigratedCredentials': 'E:\Interview\observability-platform\actions-runner\.credentials_migrated'
[2026-08-01 15:33:47Z INFO ConfigurationStore] MigratedCredFilePath: E:\Interview\observability-platform\actions-runner\.credentials_migrated
[2026-08-01 15:33:47Z INFO HostContext] Well known directory 'Bin': 'E:\Interview\observability-platform\actions-runner\bin'
[2026-08-01 15:33:47Z INFO HostContext] Well known directory 'Root': 'E:\Interview\observability-platform\actions-runner'
[2026-08-01 15:33:47Z INFO HostContext] Well known config file 'Service': 'E:\Interview\observability-platform\actions-runner\.service'
[2026-08-01 15:33:47Z INFO ConfigurationStore] ServiceConfigFilePath: E:\Interview\observability-platform\actions-runner\.service
[2026-08-01 15:33:47Z INFO CommandSettings] Flag 'help': 'False'
[2026-08-01 15:33:47Z INFO CommandSettings] Flag 'version': 'False'
[2026-08-01 15:33:47Z INFO CommandSettings] Flag 'commit': 'False'
[2026-08-01 15:33:47Z INFO CommandSettings] Flag 'check': 'False'
[2026-08-01 15:33:47Z INFO CommandSettings] Command 'configure': 'True'
[2026-08-01 15:33:47Z INFO Terminal] WRITE LINE: 
[2026-08-01 15:33:47Z INFO Terminal] WRITE LINE: --------------------------------------------------------------------------------
[2026-08-01 15:33:47Z INFO Terminal] WRITE LINE: |        ____ _ _   _   _       _          _        _   _                      |
[2026-08-01 15:33:47Z INFO Terminal] WRITE LINE: |       / ___(_) |_| | | |_   _| |__      / \   ___| |_(_) ___  _ __  ___      |
[2026-08-01 15:33:47Z INFO Terminal] WRITE LINE: |      | |  _| | __| |_| | | | | '_ \    / _ \ / __| __| |/ _ \| '_ \/ __|     |
[2026-08-01 15:33:47Z INFO Terminal] WRITE LINE: |      | |_| | | |_|  _  | |_| | |_) |  / ___ \ (__| |_| | (_) | | | \__ \     |
[2026-08-01 15:33:47Z INFO Terminal] WRITE LINE: |       \____|_|\__|_| |_|\__,_|_.__/  /_/   \_\___|\__|_|\___/|_| |_|___/     |
[2026-08-01 15:33:47Z INFO Terminal] WRITE LINE: |                                                                              |
[2026-08-01 15:33:47Z INFO Terminal] WRITE: |                       
[2026-08-01 15:33:47Z INFO Terminal] WRITE: Self-hosted runner registration
[2026-08-01 15:33:47Z INFO Terminal] WRITE LINE:                         |
[2026-08-01 15:33:47Z INFO Terminal] WRITE LINE: |                                                                              |
[2026-08-01 15:33:47Z INFO Terminal] WRITE LINE: --------------------------------------------------------------------------------
[2026-08-01 15:33:47Z INFO ConfigurationManager] ConfigureAsync
[2026-08-01 15:33:47Z INFO CommandSettings] Flag 'generateServiceConfig': 'False'
[2026-08-01 15:33:47Z INFO ConfigurationStore] IsConfigured()
[2026-08-01 15:33:47Z INFO ConfigurationStore] IsConfigured: False
[2026-08-01 15:33:47Z INFO ConfigurationManager] Is configured: False
[2026-08-01 15:33:47Z INFO CommandSettings] Arg 'url': 'https://github.com/manjuaws1204/observability-platform'
[2026-08-01 15:33:47Z INFO CommandSettings] Remove url from Arg dictionary.
[2026-08-01 15:33:47Z INFO CommandSettings] Arg 'token': '***'
[2026-08-01 15:33:47Z INFO CommandSettings] Remove token from Arg dictionary.
[2026-08-01 15:33:49Z INFO ConfigurationManager] Http response code: OK from 'POST https://api.github.com/actions/runner-registration' (C53E:3CB9F9:F49EED:1140334:6A6E11DC)
[2026-08-01 15:33:49Z INFO ConfigurationManager] Using runner-admin flow: False
[2026-08-01 15:33:49Z INFO ConfigurationManager] cred retrieved via GitHub auth
[2026-08-01 15:33:49Z INFO RunnerServer] EstablishVssConnection
[2026-08-01 15:33:49Z INFO RunnerServer] Establish connection with 100 seconds timeout.
[2026-08-01 15:33:49Z INFO GitHubActionsService] Starting operation Location.GetConnectionData
[2026-08-01 15:33:49Z INFO RunnerServer] EstablishVssConnection
[2026-08-01 15:33:49Z INFO RunnerServer] Establish connection with 60 seconds timeout.
[2026-08-01 15:33:49Z INFO GitHubActionsService] Starting operation Location.GetConnectionData
[2026-08-01 15:33:49Z INFO RunnerServer] EstablishVssConnection
[2026-08-01 15:33:49Z INFO RunnerServer] Establish connection with 60 seconds timeout.
[2026-08-01 15:33:49Z INFO GitHubActionsService] Starting operation Location.GetConnectionData
[2026-08-01 15:33:50Z INFO GitHubActionsService] Finished operation Location.GetConnectionData
[2026-08-01 15:33:50Z INFO GitHubActionsService] Finished operation Location.GetConnectionData
[2026-08-01 15:33:50Z INFO GitHubActionsService] Finished operation Location.GetConnectionData
[2026-08-01 15:33:50Z INFO Terminal] WRITE LINE: 
[2026-08-01 15:33:50Z INFO ConfigurationManager] Test Connection complete.
[2026-08-01 15:33:50Z INFO HostContext] Well known directory 'Bin': 'E:\Interview\observability-platform\actions-runner\bin'
[2026-08-01 15:33:50Z INFO HostContext] Well known directory 'Root': 'E:\Interview\observability-platform\actions-runner'
[2026-08-01 15:33:50Z INFO HostContext] Well known config file 'RSACredentials': 'E:\Interview\observability-platform\actions-runner\.credentials_rsaparams'
[2026-08-01 15:33:50Z INFO RSAEncryptedFileKeyManager] Creating new RSA key using 2048-bit key length
[2026-08-01 15:33:51Z INFO RSAEncryptedFileKeyManager] Successfully saved RSA key parameters to file E:\Interview\observability-platform\actions-runner\.credentials_rsaparams
[2026-08-01 15:33:51Z INFO CommandSettings] Arg 'runnergroup': ''
[2026-08-01 15:33:51Z INFO CommandSettings] Flag 'unattended': 'False'
[2026-08-01 15:33:51Z INFO PromptManager] ReadValue
[2026-08-01 15:33:51Z INFO Terminal] WRITE: Enter the name of the runner group to add this runner to: 
[2026-08-01 15:33:51Z INFO Terminal] WRITE: [press Enter for Default] 
[2026-08-01 15:33:51Z INFO Terminal] READ LINE
[2026-08-01 15:34:43Z INFO Terminal] Read value: 'obs-runner'
[2026-08-01 15:34:43Z INFO Terminal] WRITE LINE: 
[2026-08-01 15:34:43Z ERR  Runner] GitHub.DistributedTask.WebApi.TaskAgentPoolNotFoundException: Could not find any self-hosted runner group named "obs-runner".
   at GitHub.Runner.Listener.Configuration.ConfigurationManager.ConfigureAsync(CommandSettings command)
   at GitHub.Runner.Listener.Runner.ExecuteCommand(CommandSettings command)
[2026-08-01 15:34:43Z ERR  Terminal] WRITE ERROR: Could not find any self-hosted runner group named "obs-runner".
[2026-08-01 15:34:43Z INFO Listener] Runner execution has finished with return code 1
