[2026-08-01 15:35:55Z INFO HostContext] No proxy settings were found based on environmental variables (http_proxy/https_proxy/HTTP_PROXY/HTTPS_PROXY)
[2026-08-01 15:35:55Z INFO HostContext] Well known directory 'Bin': 'E:\Interview\observability-platform\actions-runner\bin'
[2026-08-01 15:35:55Z INFO HostContext] Well known directory 'Root': 'E:\Interview\observability-platform\actions-runner'
[2026-08-01 15:35:55Z INFO HostContext] Well known config file 'Credentials': 'E:\Interview\observability-platform\actions-runner\.credentials'
[2026-08-01 15:35:56Z INFO HostContext] Well known directory 'Bin': 'E:\Interview\observability-platform\actions-runner\bin'
[2026-08-01 15:35:56Z INFO HostContext] Well known directory 'Root': 'E:\Interview\observability-platform\actions-runner'
[2026-08-01 15:35:56Z INFO HostContext] Well known config file 'Runner': 'E:\Interview\observability-platform\actions-runner\.runner'
[2026-08-01 15:35:56Z INFO Listener] Runner is built for Windows (X64) - win-x64.
[2026-08-01 15:35:56Z INFO Listener] RuntimeInformation: Microsoft Windows 10.0.19045.
[2026-08-01 15:35:56Z INFO Listener] Version: 2.336.0
[2026-08-01 15:35:56Z INFO Listener] Commit: 98aabcd429c4e8402406c56ce2d26387fed3b9ce
[2026-08-01 15:35:56Z INFO Listener] Culture: en-IN
[2026-08-01 15:35:56Z INFO Listener] UI Culture: en-US
[2026-08-01 15:35:56Z INFO HostContext] Well known directory 'Bin': 'E:\Interview\observability-platform\actions-runner\bin'
[2026-08-01 15:35:56Z INFO HostContext] Well known directory 'Root': 'E:\Interview\observability-platform\actions-runner'
[2026-08-01 15:35:56Z INFO Listener] Validating directory permissions for: 'E:\Interview\observability-platform\actions-runner'
[2026-08-01 15:35:56Z INFO CommandLineParser] Parse
[2026-08-01 15:35:56Z INFO CommandLineParser] Parsing 1 args
[2026-08-01 15:35:56Z INFO CommandLineParser] parsing argument
[2026-08-01 15:35:56Z INFO CommandLineParser] HasArgs: False
[2026-08-01 15:35:56Z INFO CommandLineParser] Adding Command: run
[2026-08-01 15:35:56Z INFO Listener] Arguments parsed
[2026-08-01 15:35:56Z INFO Runner] ExecuteCommand
[2026-08-01 15:35:56Z INFO ConfigurationStore] currentAssemblyLocation: E:\Interview\observability-platform\actions-runner\bin\Runner.Listener.dll
[2026-08-01 15:35:56Z INFO HostContext] Well known directory 'Bin': 'E:\Interview\observability-platform\actions-runner\bin'
[2026-08-01 15:35:56Z INFO ConfigurationStore] binPath: E:\Interview\observability-platform\actions-runner\bin
[2026-08-01 15:35:56Z INFO HostContext] Well known directory 'Bin': 'E:\Interview\observability-platform\actions-runner\bin'
[2026-08-01 15:35:56Z INFO HostContext] Well known directory 'Root': 'E:\Interview\observability-platform\actions-runner'
[2026-08-01 15:35:56Z INFO ConfigurationStore] RootFolder: E:\Interview\observability-platform\actions-runner
[2026-08-01 15:35:56Z INFO HostContext] Well known directory 'Bin': 'E:\Interview\observability-platform\actions-runner\bin'
[2026-08-01 15:35:56Z INFO HostContext] Well known directory 'Root': 'E:\Interview\observability-platform\actions-runner'
[2026-08-01 15:35:56Z INFO HostContext] Well known config file 'Runner': 'E:\Interview\observability-platform\actions-runner\.runner'
[2026-08-01 15:35:56Z INFO ConfigurationStore] ConfigFilePath: E:\Interview\observability-platform\actions-runner\.runner
[2026-08-01 15:35:56Z INFO HostContext] Well known directory 'Bin': 'E:\Interview\observability-platform\actions-runner\bin'
[2026-08-01 15:35:56Z INFO HostContext] Well known directory 'Root': 'E:\Interview\observability-platform\actions-runner'
[2026-08-01 15:35:56Z INFO HostContext] Well known config file 'MigratedRunner': 'E:\Interview\observability-platform\actions-runner\.runner_migrated'
[2026-08-01 15:35:56Z INFO ConfigurationStore] MigratedConfigFilePath: E:\Interview\observability-platform\actions-runner\.runner_migrated
[2026-08-01 15:35:56Z INFO HostContext] Well known directory 'Bin': 'E:\Interview\observability-platform\actions-runner\bin'
[2026-08-01 15:35:56Z INFO HostContext] Well known directory 'Root': 'E:\Interview\observability-platform\actions-runner'
[2026-08-01 15:35:56Z INFO HostContext] Well known config file 'Credentials': 'E:\Interview\observability-platform\actions-runner\.credentials'
[2026-08-01 15:35:56Z INFO ConfigurationStore] CredFilePath: E:\Interview\observability-platform\actions-runner\.credentials
[2026-08-01 15:35:56Z INFO HostContext] Well known directory 'Bin': 'E:\Interview\observability-platform\actions-runner\bin'
[2026-08-01 15:35:56Z INFO HostContext] Well known directory 'Root': 'E:\Interview\observability-platform\actions-runner'
[2026-08-01 15:35:56Z INFO HostContext] Well known config file 'MigratedCredentials': 'E:\Interview\observability-platform\actions-runner\.credentials_migrated'
[2026-08-01 15:35:56Z INFO ConfigurationStore] MigratedCredFilePath: E:\Interview\observability-platform\actions-runner\.credentials_migrated
[2026-08-01 15:35:56Z INFO HostContext] Well known directory 'Bin': 'E:\Interview\observability-platform\actions-runner\bin'
[2026-08-01 15:35:56Z INFO HostContext] Well known directory 'Root': 'E:\Interview\observability-platform\actions-runner'
[2026-08-01 15:35:56Z INFO HostContext] Well known config file 'Service': 'E:\Interview\observability-platform\actions-runner\.service'
[2026-08-01 15:35:56Z INFO ConfigurationStore] ServiceConfigFilePath: E:\Interview\observability-platform\actions-runner\.service
[2026-08-01 15:35:56Z INFO CommandSettings] Flag 'help': 'False'
[2026-08-01 15:35:56Z INFO CommandSettings] Flag 'version': 'False'
[2026-08-01 15:35:56Z INFO CommandSettings] Flag 'commit': 'False'
[2026-08-01 15:35:56Z INFO CommandSettings] Flag 'check': 'False'
[2026-08-01 15:35:56Z INFO CommandSettings] Command 'configure': 'False'
[2026-08-01 15:35:56Z INFO CommandSettings] Command 'remove': 'False'
[2026-08-01 15:35:56Z INFO CommandSettings] Command 'warmup': 'False'
[2026-08-01 15:35:56Z INFO ConfigurationManager] LoadSettings
[2026-08-01 15:35:56Z INFO ConfigurationStore] IsConfigured()
[2026-08-01 15:35:56Z INFO ConfigurationStore] IsConfigured: True
[2026-08-01 15:35:56Z INFO ConfigurationManager] Is configured: True
[2026-08-01 15:35:56Z INFO ConfigurationStore] Read setting file: 403 chars
[2026-08-01 15:35:56Z INFO ConfigurationManager] Settings Loaded
[2026-08-01 15:35:56Z INFO ConfigurationStore] IsServiceConfigured()
[2026-08-01 15:35:56Z INFO ConfigurationStore] IsServiceConfigured: True
[2026-08-01 15:35:56Z INFO CommandSettings] Command 'run': 'True'
[2026-08-01 15:35:56Z INFO ConfigurationStore] IsConfigured()
[2026-08-01 15:35:56Z INFO ConfigurationStore] IsConfigured: True
[2026-08-01 15:35:56Z INFO ConfigurationManager] Is configured: True
[2026-08-01 15:35:56Z INFO Runner] Try determine runner startup type base on console redirects.
[2026-08-01 15:35:56Z INFO Runner] Set runner startup type - Manual
[2026-08-01 15:35:56Z INFO CommandSettings] Flag 'once': 'False'
[2026-08-01 15:35:56Z INFO CommandSettings] Flag 'once': 'False'
[2026-08-01 15:35:56Z INFO Runner] RunAsync
[2026-08-01 15:35:56Z INFO HostContext] Well known directory 'Bin': 'E:\Interview\observability-platform\actions-runner\bin'
[2026-08-01 15:35:56Z INFO HostContext] Well known directory 'Root': 'E:\Interview\observability-platform\actions-runner'
[2026-08-01 15:35:56Z INFO HostContext] Well known directory 'Work': 'E:\Interview\observability-platform\actions-runner\_work'
[2026-08-01 15:35:56Z INFO Runner] Validating directory permissions for: 'E:\Interview\observability-platform\actions-runner\_work'
[2026-08-01 15:35:56Z INFO ConfigurationManager] LoadMigratedSettings
[2026-08-01 15:35:56Z INFO ConfigurationStore] IsMigratedConfigured()
[2026-08-01 15:35:56Z INFO ConfigurationStore] IsMigratedConfigured: False
[2026-08-01 15:35:56Z INFO Runner] Failed to load migrated settings: No migrated configuration found.
[2026-08-01 15:35:56Z INFO Runner] Falling back to original .runner settings
[2026-08-01 15:35:56Z INFO Runner] Using BrokerMessageListener
[2026-08-01 15:35:56Z INFO BrokerMessageListener] Using provided settings
[2026-08-01 15:35:56Z INFO BrokerMessageListener] {
  "AgentId": 2,
  "AgentName": "MANJU",
  "PoolId": 1,
  "PoolName": "Default",
  "ServerUrl": "https://pipelinesghubeus4.actions.githubusercontent.com/rELeU2sphfas8FzBe7LAafPc8yHfvrFSDCsp0gwkRY8HUooZ4G/",
  "GitHubUrl": "https://github.com/manjuaws1204/observability-platform",
  "WorkFolder": "_work",
  "UseV2Flow": true,
  "ServerUrlV2": "https://broker.actions.githubusercontent.com/"
}
[2026-08-01 15:35:56Z INFO BrokerMessageListener] Loading Credentials
[2026-08-01 15:35:56Z INFO ConfigurationStore] HasCredentials()
[2026-08-01 15:35:56Z INFO ConfigurationStore] stored True
[2026-08-01 15:35:56Z INFO CredentialManager] GetCredentialProvider
[2026-08-01 15:35:56Z INFO CredentialManager] Creating type OAuth
[2026-08-01 15:35:56Z INFO CredentialManager] Creating credential type: OAuth
[2026-08-01 15:35:56Z INFO HostContext] Well known directory 'Bin': 'E:\Interview\observability-platform\actions-runner\bin'
[2026-08-01 15:35:56Z INFO HostContext] Well known directory 'Root': 'E:\Interview\observability-platform\actions-runner'
[2026-08-01 15:35:56Z INFO HostContext] Well known config file 'RSACredentials': 'E:\Interview\observability-platform\actions-runner\.credentials_rsaparams'
[2026-08-01 15:35:56Z INFO RSAEncryptedFileKeyManager] Loading RSA key parameters from file E:\Interview\observability-platform\actions-runner\.credentials_rsaparams
[2026-08-01 15:35:56Z INFO BrokerMessageListener] Attempt to create session.
[2026-08-01 15:35:56Z INFO BrokerMessageListener] Connecting to the Broker Server...
[2026-08-01 15:35:56Z INFO ConfigurationStore] HasCredentials()
[2026-08-01 15:35:56Z INFO ConfigurationStore] stored True
[2026-08-01 15:35:56Z INFO CredentialManager] GetCredentialProvider
[2026-08-01 15:35:56Z INFO CredentialManager] Creating type OAuth
[2026-08-01 15:35:56Z INFO CredentialManager] Creating credential type: OAuth
[2026-08-01 15:35:56Z INFO RSAEncryptedFileKeyManager] Loading RSA key parameters from file E:\Interview\observability-platform\actions-runner\.credentials_rsaparams
[2026-08-01 15:35:56Z INFO BrokerMessageListener] VssConnection created
[2026-08-01 15:35:56Z INFO BrokerMessageListener] Connecting to the Runner server...
[2026-08-01 15:35:56Z INFO RunnerServer] EstablishVssConnection
[2026-08-01 15:35:56Z INFO RunnerServer] Establish connection with 100 seconds timeout.
[2026-08-01 15:35:56Z INFO GitHubActionsService] Starting operation Location.GetConnectionData
[2026-08-01 15:35:56Z INFO RunnerServer] EstablishVssConnection
[2026-08-01 15:35:56Z INFO RunnerServer] Establish connection with 60 seconds timeout.
[2026-08-01 15:35:56Z INFO GitHubActionsService] Starting operation Location.GetConnectionData
[2026-08-01 15:35:56Z INFO RunnerServer] EstablishVssConnection
[2026-08-01 15:35:56Z INFO RunnerServer] Establish connection with 60 seconds timeout.
[2026-08-01 15:35:56Z INFO GitHubActionsService] Starting operation Location.GetConnectionData
[2026-08-01 15:35:57Z INFO GitHubActionsService] Finished operation Location.GetConnectionData
[2026-08-01 15:35:57Z INFO GitHubActionsService] Finished operation Location.GetConnectionData
[2026-08-01 15:35:57Z INFO GitHubActionsService] Finished operation Location.GetConnectionData
[2026-08-01 15:35:57Z INFO BrokerMessageListener] VssConnection created
[2026-08-01 15:35:57Z INFO Terminal] WRITE LINE: 
[2026-08-01 15:35:57Z INFO Terminal] WRITE LINE: 
[2026-08-01 15:35:57Z INFO RSAEncryptedFileKeyManager] Loading RSA key parameters from file E:\Interview\observability-platform\actions-runner\.credentials_rsaparams
[2026-08-01 15:35:57Z INFO RSAEncryptedFileKeyManager] Loading RSA key parameters from file E:\Interview\observability-platform\actions-runner\.credentials_rsaparams
[2026-08-01 15:35:58Z INFO GitHubActionsService] AAD Correlation ID for this token request: Unknown
[2026-08-01 15:35:59Z ERR  GitHubActionsService] POST request to https://broker.actions.githubusercontent.com/session failed. HTTP Status: Conflict
[2026-08-01 15:35:59Z ERR  BrokerMessageListener] Catch exception during create session.
[2026-08-01 15:35:59Z ERR  BrokerMessageListener] GitHub.DistributedTask.WebApi.TaskAgentSessionConflictException: Error: Conflict
   at GitHub.Actions.RunService.WebApi.BrokerHttpClient.CreateSessionAsync(TaskAgentSession session, CancellationToken cancellationToken)
   at GitHub.Runner.Common.BrokerServer.CreateSessionAsync(TaskAgentSession session, CancellationToken cancellationToken)
   at GitHub.Runner.Listener.BrokerMessageListener.CreateSessionAsync(CancellationToken token)
[2026-08-01 15:35:59Z INFO BrokerMessageListener] The session for this runner already exists.
[2026-08-01 15:35:59Z ERR  Terminal] WRITE ERROR: A session for this runner already exists.
[2026-08-01 15:35:59Z INFO BrokerMessageListener] The session conflict exception haven't reached retry limit.
[2026-08-01 15:35:59Z ERR  Terminal] WRITE ERROR: 2026-08-01 15:35:59Z: Runner connect error: Error: Conflict. Retrying until reconnected.
[2026-08-01 15:35:59Z INFO BrokerMessageListener] Sleeping for 30 seconds before retrying.
[2026-08-01 15:36:29Z INFO BrokerMessageListener] Attempt to create session.
[2026-08-01 15:36:29Z INFO BrokerMessageListener] Connecting to the Broker Server...
[2026-08-01 15:36:29Z INFO ConfigurationStore] HasCredentials()
[2026-08-01 15:36:29Z INFO ConfigurationStore] stored True
[2026-08-01 15:36:29Z INFO CredentialManager] GetCredentialProvider
[2026-08-01 15:36:29Z INFO CredentialManager] Creating type OAuth
[2026-08-01 15:36:29Z INFO CredentialManager] Creating credential type: OAuth
[2026-08-01 15:36:29Z INFO RSAEncryptedFileKeyManager] Loading RSA key parameters from file E:\Interview\observability-platform\actions-runner\.credentials_rsaparams
[2026-08-01 15:36:29Z INFO BrokerMessageListener] VssConnection created
[2026-08-01 15:36:29Z INFO BrokerMessageListener] Connecting to the Runner server...
[2026-08-01 15:36:29Z INFO RunnerServer] EstablishVssConnection
[2026-08-01 15:36:29Z INFO RunnerServer] Establish connection with 100 seconds timeout.
[2026-08-01 15:36:29Z INFO GitHubActionsService] Starting operation Location.GetConnectionData
[2026-08-01 15:36:29Z INFO RunnerServer] EstablishVssConnection
[2026-08-01 15:36:29Z INFO RunnerServer] Establish connection with 60 seconds timeout.
[2026-08-01 15:36:29Z INFO GitHubActionsService] Starting operation Location.GetConnectionData
[2026-08-01 15:36:29Z INFO RunnerServer] EstablishVssConnection
[2026-08-01 15:36:29Z INFO RunnerServer] Establish connection with 60 seconds timeout.
[2026-08-01 15:36:29Z INFO GitHubActionsService] Starting operation Location.GetConnectionData
[2026-08-01 15:36:30Z INFO GitHubActionsService] Finished operation Location.GetConnectionData
[2026-08-01 15:36:30Z INFO GitHubActionsService] Finished operation Location.GetConnectionData
[2026-08-01 15:36:30Z INFO GitHubActionsService] Finished operation Location.GetConnectionData
[2026-08-01 15:36:30Z INFO BrokerMessageListener] VssConnection created
[2026-08-01 15:36:30Z INFO Terminal] WRITE LINE: 
[2026-08-01 15:36:30Z INFO Terminal] WRITE LINE: 
[2026-08-01 15:36:30Z INFO RSAEncryptedFileKeyManager] Loading RSA key parameters from file E:\Interview\observability-platform\actions-runner\.credentials_rsaparams
[2026-08-01 15:36:30Z INFO RSAEncryptedFileKeyManager] Loading RSA key parameters from file E:\Interview\observability-platform\actions-runner\.credentials_rsaparams
[2026-08-01 15:36:31Z INFO GitHubActionsService] AAD Correlation ID for this token request: Unknown
[2026-08-01 15:36:32Z ERR  GitHubActionsService] POST request to https://broker.actions.githubusercontent.com/session failed. HTTP Status: Conflict
[2026-08-01 15:36:32Z ERR  BrokerMessageListener] Catch exception during create session.
[2026-08-01 15:36:32Z ERR  BrokerMessageListener] GitHub.DistributedTask.WebApi.TaskAgentSessionConflictException: Error: Conflict
   at GitHub.Actions.RunService.WebApi.BrokerHttpClient.CreateSessionAsync(TaskAgentSession session, CancellationToken cancellationToken)
   at GitHub.Runner.Common.BrokerServer.CreateSessionAsync(TaskAgentSession session, CancellationToken cancellationToken)
   at GitHub.Runner.Listener.BrokerMessageListener.CreateSessionAsync(CancellationToken token)
[2026-08-01 15:36:32Z INFO BrokerMessageListener] The session for this runner already exists.
[2026-08-01 15:36:32Z ERR  Terminal] WRITE ERROR: A session for this runner already exists.
[2026-08-01 15:36:32Z INFO BrokerMessageListener] The session conflict exception haven't reached retry limit.
[2026-08-01 15:36:32Z INFO BrokerMessageListener] Sleeping for 30 seconds before retrying.
[2026-08-01 15:37:02Z INFO BrokerMessageListener] Attempt to create session.
[2026-08-01 15:37:02Z INFO BrokerMessageListener] Connecting to the Broker Server...
[2026-08-01 15:37:02Z INFO ConfigurationStore] HasCredentials()
[2026-08-01 15:37:02Z INFO ConfigurationStore] stored True
[2026-08-01 15:37:02Z INFO CredentialManager] GetCredentialProvider
[2026-08-01 15:37:02Z INFO CredentialManager] Creating type OAuth
[2026-08-01 15:37:02Z INFO CredentialManager] Creating credential type: OAuth
[2026-08-01 15:37:02Z INFO RSAEncryptedFileKeyManager] Loading RSA key parameters from file E:\Interview\observability-platform\actions-runner\.credentials_rsaparams
[2026-08-01 15:37:02Z INFO BrokerMessageListener] VssConnection created
[2026-08-01 15:37:02Z INFO BrokerMessageListener] Connecting to the Runner server...
[2026-08-01 15:37:02Z INFO RunnerServer] EstablishVssConnection
[2026-08-01 15:37:02Z INFO RunnerServer] Establish connection with 100 seconds timeout.
[2026-08-01 15:37:02Z INFO GitHubActionsService] Starting operation Location.GetConnectionData
[2026-08-01 15:37:02Z INFO RunnerServer] EstablishVssConnection
[2026-08-01 15:37:02Z INFO RunnerServer] Establish connection with 60 seconds timeout.
[2026-08-01 15:37:02Z INFO GitHubActionsService] Starting operation Location.GetConnectionData
[2026-08-01 15:37:02Z INFO RunnerServer] EstablishVssConnection
[2026-08-01 15:37:02Z INFO RunnerServer] Establish connection with 60 seconds timeout.
[2026-08-01 15:37:02Z INFO GitHubActionsService] Starting operation Location.GetConnectionData
[2026-08-01 15:37:03Z INFO GitHubActionsService] Finished operation Location.GetConnectionData
[2026-08-01 15:37:03Z INFO GitHubActionsService] Finished operation Location.GetConnectionData
[2026-08-01 15:37:03Z INFO GitHubActionsService] Finished operation Location.GetConnectionData
[2026-08-01 15:37:03Z INFO BrokerMessageListener] VssConnection created
[2026-08-01 15:37:03Z INFO Terminal] WRITE LINE: 
[2026-08-01 15:37:03Z INFO Terminal] WRITE LINE: 
[2026-08-01 15:37:03Z INFO RSAEncryptedFileKeyManager] Loading RSA key parameters from file E:\Interview\observability-platform\actions-runner\.credentials_rsaparams
[2026-08-01 15:37:03Z INFO RSAEncryptedFileKeyManager] Loading RSA key parameters from file E:\Interview\observability-platform\actions-runner\.credentials_rsaparams
[2026-08-01 15:37:04Z INFO GitHubActionsService] AAD Correlation ID for this token request: Unknown
[2026-08-01 15:37:04Z ERR  GitHubActionsService] POST request to https://broker.actions.githubusercontent.com/session failed. HTTP Status: Conflict
[2026-08-01 15:37:04Z ERR  BrokerMessageListener] Catch exception during create session.
[2026-08-01 15:37:04Z ERR  BrokerMessageListener] GitHub.DistributedTask.WebApi.TaskAgentSessionConflictException: Error: Conflict
   at GitHub.Actions.RunService.WebApi.BrokerHttpClient.CreateSessionAsync(TaskAgentSession session, CancellationToken cancellationToken)
   at GitHub.Runner.Common.BrokerServer.CreateSessionAsync(TaskAgentSession session, CancellationToken cancellationToken)
   at GitHub.Runner.Listener.BrokerMessageListener.CreateSessionAsync(CancellationToken token)
[2026-08-01 15:37:04Z INFO BrokerMessageListener] The session for this runner already exists.
[2026-08-01 15:37:04Z ERR  Terminal] WRITE ERROR: A session for this runner already exists.
[2026-08-01 15:37:04Z INFO BrokerMessageListener] The session conflict exception haven't reached retry limit.
[2026-08-01 15:37:04Z INFO BrokerMessageListener] Sleeping for 30 seconds before retrying.
[2026-08-01 15:37:34Z INFO BrokerMessageListener] Attempt to create session.
[2026-08-01 15:37:34Z INFO BrokerMessageListener] Connecting to the Broker Server...
[2026-08-01 15:37:34Z INFO ConfigurationStore] HasCredentials()
[2026-08-01 15:37:34Z INFO ConfigurationStore] stored True
[2026-08-01 15:37:34Z INFO CredentialManager] GetCredentialProvider
[2026-08-01 15:37:34Z INFO CredentialManager] Creating type OAuth
[2026-08-01 15:37:34Z INFO CredentialManager] Creating credential type: OAuth
[2026-08-01 15:37:34Z INFO RSAEncryptedFileKeyManager] Loading RSA key parameters from file E:\Interview\observability-platform\actions-runner\.credentials_rsaparams
[2026-08-01 15:37:34Z INFO BrokerMessageListener] VssConnection created
[2026-08-01 15:37:34Z INFO BrokerMessageListener] Connecting to the Runner server...
[2026-08-01 15:37:34Z INFO RunnerServer] EstablishVssConnection
[2026-08-01 15:37:34Z INFO RunnerServer] Establish connection with 100 seconds timeout.
[2026-08-01 15:37:34Z INFO GitHubActionsService] Starting operation Location.GetConnectionData
[2026-08-01 15:37:34Z INFO RunnerServer] EstablishVssConnection
[2026-08-01 15:37:34Z INFO RunnerServer] Establish connection with 60 seconds timeout.
[2026-08-01 15:37:34Z INFO GitHubActionsService] Starting operation Location.GetConnectionData
[2026-08-01 15:37:34Z INFO RunnerServer] EstablishVssConnection
[2026-08-01 15:37:34Z INFO RunnerServer] Establish connection with 60 seconds timeout.
[2026-08-01 15:37:34Z INFO GitHubActionsService] Starting operation Location.GetConnectionData
[2026-08-01 15:37:35Z INFO GitHubActionsService] Finished operation Location.GetConnectionData
[2026-08-01 15:37:35Z INFO GitHubActionsService] Finished operation Location.GetConnectionData
[2026-08-01 15:37:35Z INFO GitHubActionsService] Finished operation Location.GetConnectionData
[2026-08-01 15:37:35Z INFO BrokerMessageListener] VssConnection created
[2026-08-01 15:37:35Z INFO Terminal] WRITE LINE: 
[2026-08-01 15:37:35Z INFO Terminal] WRITE LINE: 
[2026-08-01 15:37:35Z INFO RSAEncryptedFileKeyManager] Loading RSA key parameters from file E:\Interview\observability-platform\actions-runner\.credentials_rsaparams
[2026-08-01 15:37:35Z INFO RSAEncryptedFileKeyManager] Loading RSA key parameters from file E:\Interview\observability-platform\actions-runner\.credentials_rsaparams
[2026-08-01 15:37:36Z INFO GitHubActionsService] AAD Correlation ID for this token request: Unknown
[2026-08-01 15:37:37Z ERR  GitHubActionsService] POST request to https://broker.actions.githubusercontent.com/session failed. HTTP Status: Conflict
[2026-08-01 15:37:37Z ERR  BrokerMessageListener] Catch exception during create session.
[2026-08-01 15:37:37Z ERR  BrokerMessageListener] GitHub.DistributedTask.WebApi.TaskAgentSessionConflictException: Error: Conflict
   at GitHub.Actions.RunService.WebApi.BrokerHttpClient.CreateSessionAsync(TaskAgentSession session, CancellationToken cancellationToken)
   at GitHub.Runner.Common.BrokerServer.CreateSessionAsync(TaskAgentSession session, CancellationToken cancellationToken)
   at GitHub.Runner.Listener.BrokerMessageListener.CreateSessionAsync(CancellationToken token)
[2026-08-01 15:37:37Z INFO BrokerMessageListener] The session for this runner already exists.
[2026-08-01 15:37:37Z ERR  Terminal] WRITE ERROR: A session for this runner already exists.
[2026-08-01 15:37:37Z INFO BrokerMessageListener] The session conflict exception haven't reached retry limit.
[2026-08-01 15:37:37Z INFO BrokerMessageListener] Sleeping for 30 seconds before retrying.
[2026-08-01 15:38:07Z INFO BrokerMessageListener] Attempt to create session.
[2026-08-01 15:38:07Z INFO BrokerMessageListener] Connecting to the Broker Server...
[2026-08-01 15:38:07Z INFO ConfigurationStore] HasCredentials()
[2026-08-01 15:38:07Z INFO ConfigurationStore] stored True
[2026-08-01 15:38:07Z INFO CredentialManager] GetCredentialProvider
[2026-08-01 15:38:07Z INFO CredentialManager] Creating type OAuth
[2026-08-01 15:38:07Z INFO CredentialManager] Creating credential type: OAuth
[2026-08-01 15:38:07Z INFO RSAEncryptedFileKeyManager] Loading RSA key parameters from file E:\Interview\observability-platform\actions-runner\.credentials_rsaparams
[2026-08-01 15:38:07Z INFO BrokerMessageListener] VssConnection created
[2026-08-01 15:38:07Z INFO BrokerMessageListener] Connecting to the Runner server...
[2026-08-01 15:38:07Z INFO RunnerServer] EstablishVssConnection
[2026-08-01 15:38:07Z INFO RunnerServer] Establish connection with 100 seconds timeout.
[2026-08-01 15:38:07Z INFO GitHubActionsService] Starting operation Location.GetConnectionData
[2026-08-01 15:38:07Z INFO RunnerServer] EstablishVssConnection
[2026-08-01 15:38:07Z INFO RunnerServer] Establish connection with 60 seconds timeout.
[2026-08-01 15:38:07Z INFO GitHubActionsService] Starting operation Location.GetConnectionData
[2026-08-01 15:38:07Z INFO RunnerServer] EstablishVssConnection
[2026-08-01 15:38:07Z INFO RunnerServer] Establish connection with 60 seconds timeout.
[2026-08-01 15:38:07Z INFO GitHubActionsService] Starting operation Location.GetConnectionData
[2026-08-01 15:38:08Z INFO GitHubActionsService] Finished operation Location.GetConnectionData
[2026-08-01 15:38:08Z INFO GitHubActionsService] Finished operation Location.GetConnectionData
[2026-08-01 15:38:08Z INFO GitHubActionsService] Finished operation Location.GetConnectionData
[2026-08-01 15:38:08Z INFO BrokerMessageListener] VssConnection created
[2026-08-01 15:38:08Z INFO Terminal] WRITE LINE: 
[2026-08-01 15:38:08Z INFO Terminal] WRITE LINE: 
[2026-08-01 15:38:08Z INFO RSAEncryptedFileKeyManager] Loading RSA key parameters from file E:\Interview\observability-platform\actions-runner\.credentials_rsaparams
[2026-08-01 15:38:08Z INFO RSAEncryptedFileKeyManager] Loading RSA key parameters from file E:\Interview\observability-platform\actions-runner\.credentials_rsaparams
[2026-08-01 15:38:09Z INFO GitHubActionsService] AAD Correlation ID for this token request: Unknown
[2026-08-01 15:38:10Z ERR  GitHubActionsService] POST request to https://broker.actions.githubusercontent.com/session failed. HTTP Status: Conflict
[2026-08-01 15:38:10Z ERR  BrokerMessageListener] Catch exception during create session.
[2026-08-01 15:38:10Z ERR  BrokerMessageListener] GitHub.DistributedTask.WebApi.TaskAgentSessionConflictException: Error: Conflict
   at GitHub.Actions.RunService.WebApi.BrokerHttpClient.CreateSessionAsync(TaskAgentSession session, CancellationToken cancellationToken)
   at GitHub.Runner.Common.BrokerServer.CreateSessionAsync(TaskAgentSession session, CancellationToken cancellationToken)
   at GitHub.Runner.Listener.BrokerMessageListener.CreateSessionAsync(CancellationToken token)
[2026-08-01 15:38:10Z INFO BrokerMessageListener] The session for this runner already exists.
[2026-08-01 15:38:10Z ERR  Terminal] WRITE ERROR: A session for this runner already exists.
[2026-08-01 15:38:10Z INFO BrokerMessageListener] The session conflict exception haven't reached retry limit.
[2026-08-01 15:38:10Z INFO BrokerMessageListener] Sleeping for 30 seconds before retrying.
[2026-08-01 15:38:40Z INFO BrokerMessageListener] Attempt to create session.
[2026-08-01 15:38:40Z INFO BrokerMessageListener] Connecting to the Broker Server...
[2026-08-01 15:38:40Z INFO ConfigurationStore] HasCredentials()
[2026-08-01 15:38:40Z INFO ConfigurationStore] stored True
[2026-08-01 15:38:40Z INFO CredentialManager] GetCredentialProvider
[2026-08-01 15:38:40Z INFO CredentialManager] Creating type OAuth
[2026-08-01 15:38:40Z INFO CredentialManager] Creating credential type: OAuth
[2026-08-01 15:38:40Z INFO RSAEncryptedFileKeyManager] Loading RSA key parameters from file E:\Interview\observability-platform\actions-runner\.credentials_rsaparams
[2026-08-01 15:38:40Z INFO BrokerMessageListener] VssConnection created
[2026-08-01 15:38:40Z INFO BrokerMessageListener] Connecting to the Runner server...
[2026-08-01 15:38:40Z INFO RunnerServer] EstablishVssConnection
[2026-08-01 15:38:40Z INFO RunnerServer] Establish connection with 100 seconds timeout.
[2026-08-01 15:38:40Z INFO GitHubActionsService] Starting operation Location.GetConnectionData
[2026-08-01 15:38:40Z INFO RunnerServer] EstablishVssConnection
[2026-08-01 15:38:40Z INFO RunnerServer] Establish connection with 60 seconds timeout.
[2026-08-01 15:38:40Z INFO GitHubActionsService] Starting operation Location.GetConnectionData
[2026-08-01 15:38:40Z INFO RunnerServer] EstablishVssConnection
[2026-08-01 15:38:40Z INFO RunnerServer] Establish connection with 60 seconds timeout.
[2026-08-01 15:38:40Z INFO GitHubActionsService] Starting operation Location.GetConnectionData
[2026-08-01 15:38:41Z INFO GitHubActionsService] Finished operation Location.GetConnectionData
[2026-08-01 15:38:41Z INFO GitHubActionsService] Finished operation Location.GetConnectionData
[2026-08-01 15:38:41Z INFO GitHubActionsService] Finished operation Location.GetConnectionData
[2026-08-01 15:38:41Z INFO BrokerMessageListener] VssConnection created
[2026-08-01 15:38:41Z INFO Terminal] WRITE LINE: 
[2026-08-01 15:38:41Z INFO Terminal] WRITE LINE: 
[2026-08-01 15:38:41Z INFO RSAEncryptedFileKeyManager] Loading RSA key parameters from file E:\Interview\observability-platform\actions-runner\.credentials_rsaparams
[2026-08-01 15:38:41Z INFO RSAEncryptedFileKeyManager] Loading RSA key parameters from file E:\Interview\observability-platform\actions-runner\.credentials_rsaparams
[2026-08-01 15:38:42Z INFO GitHubActionsService] AAD Correlation ID for this token request: Unknown
[2026-08-01 15:38:43Z ERR  GitHubActionsService] POST request to https://broker.actions.githubusercontent.com/session failed. HTTP Status: Conflict
[2026-08-01 15:38:43Z ERR  BrokerMessageListener] Catch exception during create session.
[2026-08-01 15:38:43Z ERR  BrokerMessageListener] GitHub.DistributedTask.WebApi.TaskAgentSessionConflictException: Error: Conflict
   at GitHub.Actions.RunService.WebApi.BrokerHttpClient.CreateSessionAsync(TaskAgentSession session, CancellationToken cancellationToken)
   at GitHub.Runner.Common.BrokerServer.CreateSessionAsync(TaskAgentSession session, CancellationToken cancellationToken)
   at GitHub.Runner.Listener.BrokerMessageListener.CreateSessionAsync(CancellationToken token)
[2026-08-01 15:38:43Z INFO BrokerMessageListener] The session for this runner already exists.
[2026-08-01 15:38:43Z ERR  Terminal] WRITE ERROR: A session for this runner already exists.
[2026-08-01 15:38:43Z INFO BrokerMessageListener] The session conflict exception haven't reached retry limit.
[2026-08-01 15:38:43Z INFO BrokerMessageListener] Sleeping for 30 seconds before retrying.
[2026-08-01 15:39:13Z INFO BrokerMessageListener] Attempt to create session.
[2026-08-01 15:39:13Z INFO BrokerMessageListener] Connecting to the Broker Server...
[2026-08-01 15:39:13Z INFO ConfigurationStore] HasCredentials()
[2026-08-01 15:39:13Z INFO ConfigurationStore] stored True
[2026-08-01 15:39:13Z INFO CredentialManager] GetCredentialProvider
[2026-08-01 15:39:13Z INFO CredentialManager] Creating type OAuth
[2026-08-01 15:39:13Z INFO CredentialManager] Creating credential type: OAuth
[2026-08-01 15:39:13Z INFO RSAEncryptedFileKeyManager] Loading RSA key parameters from file E:\Interview\observability-platform\actions-runner\.credentials_rsaparams
[2026-08-01 15:39:13Z INFO BrokerMessageListener] VssConnection created
[2026-08-01 15:39:13Z INFO BrokerMessageListener] Connecting to the Runner server...
[2026-08-01 15:39:13Z INFO RunnerServer] EstablishVssConnection
[2026-08-01 15:39:13Z INFO RunnerServer] Establish connection with 100 seconds timeout.
[2026-08-01 15:39:13Z INFO GitHubActionsService] Starting operation Location.GetConnectionData
[2026-08-01 15:39:13Z INFO RunnerServer] EstablishVssConnection
[2026-08-01 15:39:13Z INFO RunnerServer] Establish connection with 60 seconds timeout.
[2026-08-01 15:39:13Z INFO GitHubActionsService] Starting operation Location.GetConnectionData
[2026-08-01 15:39:13Z INFO RunnerServer] EstablishVssConnection
[2026-08-01 15:39:13Z INFO RunnerServer] Establish connection with 60 seconds timeout.
[2026-08-01 15:39:13Z INFO GitHubActionsService] Starting operation Location.GetConnectionData
[2026-08-01 15:39:14Z INFO GitHubActionsService] Finished operation Location.GetConnectionData
[2026-08-01 15:39:14Z INFO GitHubActionsService] Finished operation Location.GetConnectionData
[2026-08-01 15:39:14Z INFO GitHubActionsService] Finished operation Location.GetConnectionData
[2026-08-01 15:39:14Z INFO BrokerMessageListener] VssConnection created
[2026-08-01 15:39:14Z INFO Terminal] WRITE LINE: 
[2026-08-01 15:39:14Z INFO Terminal] WRITE LINE: 
[2026-08-01 15:39:14Z INFO RSAEncryptedFileKeyManager] Loading RSA key parameters from file E:\Interview\observability-platform\actions-runner\.credentials_rsaparams
[2026-08-01 15:39:14Z INFO RSAEncryptedFileKeyManager] Loading RSA key parameters from file E:\Interview\observability-platform\actions-runner\.credentials_rsaparams
[2026-08-01 15:39:15Z INFO GitHubActionsService] AAD Correlation ID for this token request: Unknown
[2026-08-01 15:39:15Z ERR  GitHubActionsService] POST request to https://broker.actions.githubusercontent.com/session failed. HTTP Status: Conflict
[2026-08-01 15:39:15Z ERR  BrokerMessageListener] Catch exception during create session.
[2026-08-01 15:39:15Z ERR  BrokerMessageListener] GitHub.DistributedTask.WebApi.TaskAgentSessionConflictException: Error: Conflict
   at GitHub.Actions.RunService.WebApi.BrokerHttpClient.CreateSessionAsync(TaskAgentSession session, CancellationToken cancellationToken)
   at GitHub.Runner.Common.BrokerServer.CreateSessionAsync(TaskAgentSession session, CancellationToken cancellationToken)
   at GitHub.Runner.Listener.BrokerMessageListener.CreateSessionAsync(CancellationToken token)
[2026-08-01 15:39:15Z INFO BrokerMessageListener] The session for this runner already exists.
[2026-08-01 15:39:15Z ERR  Terminal] WRITE ERROR: A session for this runner already exists.
[2026-08-01 15:39:15Z INFO BrokerMessageListener] The session conflict exception haven't reached retry limit.
[2026-08-01 15:39:15Z INFO BrokerMessageListener] Sleeping for 30 seconds before retrying.
[2026-08-01 15:39:21Z INFO Terminal] WRITE LINE: Exiting...
[2026-08-01 15:39:21Z INFO ConfigurationStore] IsServiceConfigured()
[2026-08-01 15:39:21Z INFO ConfigurationStore] IsServiceConfigured: True
[2026-08-01 15:39:21Z INFO Runner] Received Ctrl-C signal, stop Runner.Listener and Runner.Worker.
[2026-08-01 15:39:21Z INFO HostContext] Runner will be shutdown for UserCancelled
[2026-08-01 15:39:21Z INFO Listener] Runner execution been cancelled.
